ARM GAS  C:\Users\bnels\AppData\Local\Temp\ccAzcXpe.s 			page 1


   1              		.syntax unified
   2              		.cpu cortex-m0
   3              		.fpu softvfp
   4              		.eabi_attribute 20, 1
   5              		.eabi_attribute 21, 1
   6              		.eabi_attribute 23, 3
   7              		.eabi_attribute 24, 1
   8              		.eabi_attribute 25, 1
   9              		.eabi_attribute 26, 1
  10              		.eabi_attribute 30, 6
  11              		.eabi_attribute 34, 0
  12              		.eabi_attribute 18, 4
  13              		.thumb
  14              		.syntax unified
  15              		.file	"cyfitter_cfg.c"
  16              		.text
  17              	.Ltext0:
  18              		.cfi_sections	.debug_frame
  19              		.section	.text.CYMEMZERO,"ax",%progbits
  20              		.align	2
  21              		.code	16
  22              		.thumb_func
  23              		.type	CYMEMZERO, %function
  24              	CYMEMZERO:
  25              	.LFB1:
  26              		.file 1 "Generated_Source\\PSoC4\\cyfitter_cfg.c"
   1:Generated_Source\PSoC4/cyfitter_cfg.c **** 
   2:Generated_Source\PSoC4/cyfitter_cfg.c **** /*******************************************************************************
   3:Generated_Source\PSoC4/cyfitter_cfg.c **** * File Name: cyfitter_cfg.c
   4:Generated_Source\PSoC4/cyfitter_cfg.c **** * 
   5:Generated_Source\PSoC4/cyfitter_cfg.c **** * PSoC Creator  4.1 Update 1
   6:Generated_Source\PSoC4/cyfitter_cfg.c **** *
   7:Generated_Source\PSoC4/cyfitter_cfg.c **** * Description:
   8:Generated_Source\PSoC4/cyfitter_cfg.c **** * This file contains device initialization code.
   9:Generated_Source\PSoC4/cyfitter_cfg.c **** * Except for the user defined sections in CyClockStartupError(), this file should not be modified.
  10:Generated_Source\PSoC4/cyfitter_cfg.c **** * This file is automatically generated by PSoC Creator.
  11:Generated_Source\PSoC4/cyfitter_cfg.c **** *
  12:Generated_Source\PSoC4/cyfitter_cfg.c **** ********************************************************************************
  13:Generated_Source\PSoC4/cyfitter_cfg.c **** * Copyright (c) 2007-2017 Cypress Semiconductor.  All rights reserved.
  14:Generated_Source\PSoC4/cyfitter_cfg.c **** * You may use this file only in accordance with the license, terms, conditions, 
  15:Generated_Source\PSoC4/cyfitter_cfg.c **** * disclaimers, and limitations in the end user license agreement accompanying 
  16:Generated_Source\PSoC4/cyfitter_cfg.c **** * the software package with which this file was provided.
  17:Generated_Source\PSoC4/cyfitter_cfg.c **** ********************************************************************************/
  18:Generated_Source\PSoC4/cyfitter_cfg.c **** 
  19:Generated_Source\PSoC4/cyfitter_cfg.c **** #include <string.h>
  20:Generated_Source\PSoC4/cyfitter_cfg.c **** #include "cytypes.h"
  21:Generated_Source\PSoC4/cyfitter_cfg.c **** #include "cydevice_trm.h"
  22:Generated_Source\PSoC4/cyfitter_cfg.c **** #include "cyfitter.h"
  23:Generated_Source\PSoC4/cyfitter_cfg.c **** #include "CyLib.h"
  24:Generated_Source\PSoC4/cyfitter_cfg.c **** #include "cyfitter_cfg.h"
  25:Generated_Source\PSoC4/cyfitter_cfg.c **** #include "cyapicallbacks.h"
  26:Generated_Source\PSoC4/cyfitter_cfg.c **** 
  27:Generated_Source\PSoC4/cyfitter_cfg.c **** 
  28:Generated_Source\PSoC4/cyfitter_cfg.c **** #if defined(__GNUC__) || defined(__ARMCC_VERSION)
  29:Generated_Source\PSoC4/cyfitter_cfg.c ****     #define CYPACKED 
  30:Generated_Source\PSoC4/cyfitter_cfg.c ****     #define CYPACKED_ATTR __attribute__ ((packed))
  31:Generated_Source\PSoC4/cyfitter_cfg.c ****     #define CYALIGNED __attribute__ ((aligned))
ARM GAS  C:\Users\bnels\AppData\Local\Temp\ccAzcXpe.s 			page 2


  32:Generated_Source\PSoC4/cyfitter_cfg.c ****     #define CY_CFG_UNUSED __attribute__ ((unused))
  33:Generated_Source\PSoC4/cyfitter_cfg.c ****     #ifndef CY_CFG_SECTION
  34:Generated_Source\PSoC4/cyfitter_cfg.c ****         #define CY_CFG_SECTION __attribute__ ((section(".psocinit")))
  35:Generated_Source\PSoC4/cyfitter_cfg.c ****     #endif
  36:Generated_Source\PSoC4/cyfitter_cfg.c ****     
  37:Generated_Source\PSoC4/cyfitter_cfg.c ****     #if defined(__ARMCC_VERSION)
  38:Generated_Source\PSoC4/cyfitter_cfg.c ****         #define CY_CFG_MEMORY_BARRIER() __memory_changed()
  39:Generated_Source\PSoC4/cyfitter_cfg.c ****     #else
  40:Generated_Source\PSoC4/cyfitter_cfg.c ****         #define CY_CFG_MEMORY_BARRIER() __sync_synchronize()
  41:Generated_Source\PSoC4/cyfitter_cfg.c ****     #endif
  42:Generated_Source\PSoC4/cyfitter_cfg.c ****     
  43:Generated_Source\PSoC4/cyfitter_cfg.c **** #elif defined(__ICCARM__)
  44:Generated_Source\PSoC4/cyfitter_cfg.c ****     #include <intrinsics.h>
  45:Generated_Source\PSoC4/cyfitter_cfg.c **** 
  46:Generated_Source\PSoC4/cyfitter_cfg.c ****     #define CYPACKED __packed
  47:Generated_Source\PSoC4/cyfitter_cfg.c ****     #define CYPACKED_ATTR 
  48:Generated_Source\PSoC4/cyfitter_cfg.c ****     #define CYALIGNED _Pragma("data_alignment=4")
  49:Generated_Source\PSoC4/cyfitter_cfg.c ****     #define CY_CFG_UNUSED _Pragma("diag_suppress=Pe177")
  50:Generated_Source\PSoC4/cyfitter_cfg.c ****     #define CY_CFG_SECTION _Pragma("location=\".psocinit\"")
  51:Generated_Source\PSoC4/cyfitter_cfg.c ****     
  52:Generated_Source\PSoC4/cyfitter_cfg.c ****     #define CY_CFG_MEMORY_BARRIER() __DMB()
  53:Generated_Source\PSoC4/cyfitter_cfg.c ****     
  54:Generated_Source\PSoC4/cyfitter_cfg.c **** #else
  55:Generated_Source\PSoC4/cyfitter_cfg.c ****     #error Unsupported toolchain
  56:Generated_Source\PSoC4/cyfitter_cfg.c **** #endif
  57:Generated_Source\PSoC4/cyfitter_cfg.c **** 
  58:Generated_Source\PSoC4/cyfitter_cfg.c **** #ifndef CYCODE
  59:Generated_Source\PSoC4/cyfitter_cfg.c ****     #define CYCODE
  60:Generated_Source\PSoC4/cyfitter_cfg.c **** #endif
  61:Generated_Source\PSoC4/cyfitter_cfg.c **** #ifndef CYDATA
  62:Generated_Source\PSoC4/cyfitter_cfg.c ****     #define CYDATA
  63:Generated_Source\PSoC4/cyfitter_cfg.c **** #endif
  64:Generated_Source\PSoC4/cyfitter_cfg.c **** #ifndef CYFAR
  65:Generated_Source\PSoC4/cyfitter_cfg.c ****     #define CYFAR
  66:Generated_Source\PSoC4/cyfitter_cfg.c **** #endif
  67:Generated_Source\PSoC4/cyfitter_cfg.c **** #ifndef CYXDATA
  68:Generated_Source\PSoC4/cyfitter_cfg.c ****     #define CYXDATA
  69:Generated_Source\PSoC4/cyfitter_cfg.c **** #endif
  70:Generated_Source\PSoC4/cyfitter_cfg.c **** 
  71:Generated_Source\PSoC4/cyfitter_cfg.c **** 
  72:Generated_Source\PSoC4/cyfitter_cfg.c **** CY_CFG_UNUSED
  73:Generated_Source\PSoC4/cyfitter_cfg.c **** static void CYMEMZERO(void *s, size_t n);
  74:Generated_Source\PSoC4/cyfitter_cfg.c **** CY_CFG_UNUSED
  75:Generated_Source\PSoC4/cyfitter_cfg.c **** static void CYMEMZERO(void *s, size_t n)
  76:Generated_Source\PSoC4/cyfitter_cfg.c **** {
  27              		.loc 1 76 0
  28              		.cfi_startproc
  29              		@ args = 0, pretend = 0, frame = 8
  30              		@ frame_needed = 1, uses_anonymous_args = 0
  31 0000 80B5     		push	{r7, lr}
  32              		.cfi_def_cfa_offset 8
  33              		.cfi_offset 7, -8
  34              		.cfi_offset 14, -4
  35 0002 82B0     		sub	sp, sp, #8
  36              		.cfi_def_cfa_offset 16
  37 0004 00AF     		add	r7, sp, #0
  38              		.cfi_def_cfa_register 7
ARM GAS  C:\Users\bnels\AppData\Local\Temp\ccAzcXpe.s 			page 3


  39 0006 7860     		str	r0, [r7, #4]
  40 0008 3960     		str	r1, [r7]
  77:Generated_Source\PSoC4/cyfitter_cfg.c **** 	(void)memset(s, 0, n);
  41              		.loc 1 77 0
  42 000a 3A68     		ldr	r2, [r7]
  43 000c 7B68     		ldr	r3, [r7, #4]
  44 000e 0021     		movs	r1, #0
  45 0010 1800     		movs	r0, r3
  46 0012 FFF7FEFF 		bl	memset
  78:Generated_Source\PSoC4/cyfitter_cfg.c **** }
  47              		.loc 1 78 0
  48 0016 C046     		nop
  49 0018 BD46     		mov	sp, r7
  50 001a 02B0     		add	sp, sp, #8
  51              		@ sp needed
  52 001c 80BD     		pop	{r7, pc}
  53              		.cfi_endproc
  54              	.LFE1:
  55              		.size	CYMEMZERO, .-CYMEMZERO
  56 001e C046     		.section	.text.CYCONFIGCPY,"ax",%progbits
  57              		.align	2
  58              		.code	16
  59              		.thumb_func
  60              		.type	CYCONFIGCPY, %function
  61              	CYCONFIGCPY:
  62              	.LFB2:
  79:Generated_Source\PSoC4/cyfitter_cfg.c **** CY_CFG_UNUSED
  80:Generated_Source\PSoC4/cyfitter_cfg.c **** static void CYCONFIGCPY(void *dest, const void *src, size_t n);
  81:Generated_Source\PSoC4/cyfitter_cfg.c **** CY_CFG_UNUSED
  82:Generated_Source\PSoC4/cyfitter_cfg.c **** static void CYCONFIGCPY(void *dest, const void *src, size_t n)
  83:Generated_Source\PSoC4/cyfitter_cfg.c **** {
  63              		.loc 1 83 0
  64              		.cfi_startproc
  65              		@ args = 0, pretend = 0, frame = 16
  66              		@ frame_needed = 1, uses_anonymous_args = 0
  67 0000 80B5     		push	{r7, lr}
  68              		.cfi_def_cfa_offset 8
  69              		.cfi_offset 7, -8
  70              		.cfi_offset 14, -4
  71 0002 84B0     		sub	sp, sp, #16
  72              		.cfi_def_cfa_offset 24
  73 0004 00AF     		add	r7, sp, #0
  74              		.cfi_def_cfa_register 7
  75 0006 F860     		str	r0, [r7, #12]
  76 0008 B960     		str	r1, [r7, #8]
  77 000a 7A60     		str	r2, [r7, #4]
  84:Generated_Source\PSoC4/cyfitter_cfg.c **** 	(void)memcpy(dest, src, n);
  78              		.loc 1 84 0
  79 000c 7A68     		ldr	r2, [r7, #4]
  80 000e B968     		ldr	r1, [r7, #8]
  81 0010 FB68     		ldr	r3, [r7, #12]
  82 0012 1800     		movs	r0, r3
  83 0014 FFF7FEFF 		bl	memcpy
  85:Generated_Source\PSoC4/cyfitter_cfg.c **** }
  84              		.loc 1 85 0
  85 0018 C046     		nop
  86 001a BD46     		mov	sp, r7
ARM GAS  C:\Users\bnels\AppData\Local\Temp\ccAzcXpe.s 			page 4


  87 001c 04B0     		add	sp, sp, #16
  88              		@ sp needed
  89 001e 80BD     		pop	{r7, pc}
  90              		.cfi_endproc
  91              	.LFE2:
  92              		.size	CYCONFIGCPY, .-CYCONFIGCPY
  93              		.section	.text.CYCONFIGCPYCODE,"ax",%progbits
  94              		.align	2
  95              		.code	16
  96              		.thumb_func
  97              		.type	CYCONFIGCPYCODE, %function
  98              	CYCONFIGCPYCODE:
  99              	.LFB3:
  86:Generated_Source\PSoC4/cyfitter_cfg.c **** CY_CFG_UNUSED
  87:Generated_Source\PSoC4/cyfitter_cfg.c **** static void CYCONFIGCPYCODE(void *dest, const void *src, size_t n);
  88:Generated_Source\PSoC4/cyfitter_cfg.c **** CY_CFG_UNUSED
  89:Generated_Source\PSoC4/cyfitter_cfg.c **** static void CYCONFIGCPYCODE(void *dest, const void *src, size_t n)
  90:Generated_Source\PSoC4/cyfitter_cfg.c **** {
 100              		.loc 1 90 0
 101              		.cfi_startproc
 102              		@ args = 0, pretend = 0, frame = 16
 103              		@ frame_needed = 1, uses_anonymous_args = 0
 104 0000 80B5     		push	{r7, lr}
 105              		.cfi_def_cfa_offset 8
 106              		.cfi_offset 7, -8
 107              		.cfi_offset 14, -4
 108 0002 84B0     		sub	sp, sp, #16
 109              		.cfi_def_cfa_offset 24
 110 0004 00AF     		add	r7, sp, #0
 111              		.cfi_def_cfa_register 7
 112 0006 F860     		str	r0, [r7, #12]
 113 0008 B960     		str	r1, [r7, #8]
 114 000a 7A60     		str	r2, [r7, #4]
  91:Generated_Source\PSoC4/cyfitter_cfg.c **** 	(void)memcpy(dest, src, n);
 115              		.loc 1 91 0
 116 000c 7A68     		ldr	r2, [r7, #4]
 117 000e B968     		ldr	r1, [r7, #8]
 118 0010 FB68     		ldr	r3, [r7, #12]
 119 0012 1800     		movs	r0, r3
 120 0014 FFF7FEFF 		bl	memcpy
  92:Generated_Source\PSoC4/cyfitter_cfg.c **** }
 121              		.loc 1 92 0
 122 0018 C046     		nop
 123 001a BD46     		mov	sp, r7
 124 001c 04B0     		add	sp, sp, #16
 125              		@ sp needed
 126 001e 80BD     		pop	{r7, pc}
 127              		.cfi_endproc
 128              	.LFE3:
 129              		.size	CYCONFIGCPYCODE, .-CYCONFIGCPYCODE
 130              		.section	.psocinit,"ax",%progbits
 131              		.align	2
 132              		.code	16
 133              		.thumb_func
 134              		.type	ClockSetup, %function
 135              	ClockSetup:
 136              	.LFB4:
ARM GAS  C:\Users\bnels\AppData\Local\Temp\ccAzcXpe.s 			page 5


  93:Generated_Source\PSoC4/cyfitter_cfg.c **** 
  94:Generated_Source\PSoC4/cyfitter_cfg.c **** 
  95:Generated_Source\PSoC4/cyfitter_cfg.c **** 
  96:Generated_Source\PSoC4/cyfitter_cfg.c **** 
  97:Generated_Source\PSoC4/cyfitter_cfg.c **** /* Clock startup error codes                                                   */
  98:Generated_Source\PSoC4/cyfitter_cfg.c **** #define CYCLOCKSTART_NO_ERROR    0u
  99:Generated_Source\PSoC4/cyfitter_cfg.c **** #define CYCLOCKSTART_XTAL_ERROR  1u
 100:Generated_Source\PSoC4/cyfitter_cfg.c **** #define CYCLOCKSTART_32KHZ_ERROR 2u
 101:Generated_Source\PSoC4/cyfitter_cfg.c **** #define CYCLOCKSTART_PLL_ERROR   3u
 102:Generated_Source\PSoC4/cyfitter_cfg.c **** #define CYCLOCKSTART_FLL_ERROR   4u
 103:Generated_Source\PSoC4/cyfitter_cfg.c **** 
 104:Generated_Source\PSoC4/cyfitter_cfg.c **** 
 105:Generated_Source\PSoC4/cyfitter_cfg.c **** #ifdef CY_NEED_CYCLOCKSTARTUPERROR
 106:Generated_Source\PSoC4/cyfitter_cfg.c **** /*******************************************************************************
 107:Generated_Source\PSoC4/cyfitter_cfg.c **** * Function Name: CyClockStartupError
 108:Generated_Source\PSoC4/cyfitter_cfg.c **** ********************************************************************************
 109:Generated_Source\PSoC4/cyfitter_cfg.c **** * Summary:
 110:Generated_Source\PSoC4/cyfitter_cfg.c **** *  If an error is encountered during clock configuration (crystal startup error,
 111:Generated_Source\PSoC4/cyfitter_cfg.c **** *  PLL lock error, etc.), the system will end up here.  Unless reimplemented by
 112:Generated_Source\PSoC4/cyfitter_cfg.c **** *  the customer, this function will stop in an infinite loop.
 113:Generated_Source\PSoC4/cyfitter_cfg.c **** *
 114:Generated_Source\PSoC4/cyfitter_cfg.c **** * Parameters:
 115:Generated_Source\PSoC4/cyfitter_cfg.c **** *   void
 116:Generated_Source\PSoC4/cyfitter_cfg.c **** *
 117:Generated_Source\PSoC4/cyfitter_cfg.c **** * Return:
 118:Generated_Source\PSoC4/cyfitter_cfg.c **** *   void
 119:Generated_Source\PSoC4/cyfitter_cfg.c **** *
 120:Generated_Source\PSoC4/cyfitter_cfg.c **** *******************************************************************************/
 121:Generated_Source\PSoC4/cyfitter_cfg.c **** CY_CFG_UNUSED
 122:Generated_Source\PSoC4/cyfitter_cfg.c **** static void CyClockStartupError(uint8 errorCode);
 123:Generated_Source\PSoC4/cyfitter_cfg.c **** CY_CFG_UNUSED
 124:Generated_Source\PSoC4/cyfitter_cfg.c **** static void CyClockStartupError(uint8 errorCode)
 125:Generated_Source\PSoC4/cyfitter_cfg.c **** {
 126:Generated_Source\PSoC4/cyfitter_cfg.c ****     /* To remove the compiler warning if errorCode not used. */
 127:Generated_Source\PSoC4/cyfitter_cfg.c **** #if defined(CY_PSOC3) && (CY_PSOC3)
 128:Generated_Source\PSoC4/cyfitter_cfg.c ****     errorCode = errorCode;
 129:Generated_Source\PSoC4/cyfitter_cfg.c **** #else
 130:Generated_Source\PSoC4/cyfitter_cfg.c ****     (void)errorCode;
 131:Generated_Source\PSoC4/cyfitter_cfg.c **** #endif /* CY_PSOC3 */
 132:Generated_Source\PSoC4/cyfitter_cfg.c **** 
 133:Generated_Source\PSoC4/cyfitter_cfg.c ****     /* If we have a clock startup error (bad MHz crystal, PLL lock, etc.),  */
 134:Generated_Source\PSoC4/cyfitter_cfg.c ****     /* we will end up here to allow the customer to implement something to  */
 135:Generated_Source\PSoC4/cyfitter_cfg.c ****     /* deal with the clock condition.                                       */
 136:Generated_Source\PSoC4/cyfitter_cfg.c **** 
 137:Generated_Source\PSoC4/cyfitter_cfg.c **** #ifdef CY_CFG_CLOCK_STARTUP_ERROR_CALLBACK
 138:Generated_Source\PSoC4/cyfitter_cfg.c ****     CY_CFG_Clock_Startup_ErrorCallback();
 139:Generated_Source\PSoC4/cyfitter_cfg.c **** #else
 140:Generated_Source\PSoC4/cyfitter_cfg.c ****     /*  If not using CY_CFG_CLOCK_STARTUP_ERROR_CALLBACK, place your clock startup code here. */
 141:Generated_Source\PSoC4/cyfitter_cfg.c ****     /* `#START CyClockStartupError` */
 142:Generated_Source\PSoC4/cyfitter_cfg.c **** 
 143:Generated_Source\PSoC4/cyfitter_cfg.c **** 
 144:Generated_Source\PSoC4/cyfitter_cfg.c **** 
 145:Generated_Source\PSoC4/cyfitter_cfg.c ****     /* `#END` */
 146:Generated_Source\PSoC4/cyfitter_cfg.c **** 
 147:Generated_Source\PSoC4/cyfitter_cfg.c ****     while(1) {}
 148:Generated_Source\PSoC4/cyfitter_cfg.c **** #endif /* CY_CFG_CLOCK_STARTUP_ERROR_CALLBACK */
 149:Generated_Source\PSoC4/cyfitter_cfg.c **** }
ARM GAS  C:\Users\bnels\AppData\Local\Temp\ccAzcXpe.s 			page 6


 150:Generated_Source\PSoC4/cyfitter_cfg.c **** #endif
 151:Generated_Source\PSoC4/cyfitter_cfg.c **** 
 152:Generated_Source\PSoC4/cyfitter_cfg.c **** 
 153:Generated_Source\PSoC4/cyfitter_cfg.c **** 
 154:Generated_Source\PSoC4/cyfitter_cfg.c **** /*******************************************************************************
 155:Generated_Source\PSoC4/cyfitter_cfg.c **** * Function Name: ClockSetup
 156:Generated_Source\PSoC4/cyfitter_cfg.c **** ********************************************************************************
 157:Generated_Source\PSoC4/cyfitter_cfg.c **** *
 158:Generated_Source\PSoC4/cyfitter_cfg.c **** * Summary:
 159:Generated_Source\PSoC4/cyfitter_cfg.c **** *   Performs the initialization of all of the clocks in the device based on the
 160:Generated_Source\PSoC4/cyfitter_cfg.c **** *   settings in the Clock tab of the DWR.  This includes enabling the requested
 161:Generated_Source\PSoC4/cyfitter_cfg.c **** *   clocks and setting the necessary dividers to produce the desired frequency. 
 162:Generated_Source\PSoC4/cyfitter_cfg.c **** *
 163:Generated_Source\PSoC4/cyfitter_cfg.c **** * Parameters:
 164:Generated_Source\PSoC4/cyfitter_cfg.c **** *   void
 165:Generated_Source\PSoC4/cyfitter_cfg.c **** *
 166:Generated_Source\PSoC4/cyfitter_cfg.c **** * Return:
 167:Generated_Source\PSoC4/cyfitter_cfg.c **** *   void
 168:Generated_Source\PSoC4/cyfitter_cfg.c **** *
 169:Generated_Source\PSoC4/cyfitter_cfg.c **** *******************************************************************************/
 170:Generated_Source\PSoC4/cyfitter_cfg.c **** static void ClockSetup(void);
 171:Generated_Source\PSoC4/cyfitter_cfg.c **** CY_CFG_SECTION
 172:Generated_Source\PSoC4/cyfitter_cfg.c **** static void ClockSetup(void)
 173:Generated_Source\PSoC4/cyfitter_cfg.c **** {
 137              		.loc 1 173 0
 138              		.cfi_startproc
 139              		@ args = 0, pretend = 0, frame = 0
 140              		@ frame_needed = 1, uses_anonymous_args = 0
 141 0000 80B5     		push	{r7, lr}
 142              		.cfi_def_cfa_offset 8
 143              		.cfi_offset 7, -8
 144              		.cfi_offset 14, -4
 145 0002 00AF     		add	r7, sp, #0
 146              		.cfi_def_cfa_register 7
 174:Generated_Source\PSoC4/cyfitter_cfg.c **** 
 175:Generated_Source\PSoC4/cyfitter_cfg.c **** 	/* Set Flash Cycles based on max possible frequency in case a glitch occurs during ClockSetup(). *
 176:Generated_Source\PSoC4/cyfitter_cfg.c **** 	CY_SET_REG32((void CYXDATA *)(CYREG_CPUSS_FLASH_CTL), (0x0012u));
 147              		.loc 1 176 0
 148 0004 114B     		ldr	r3, .L5
 149 0006 1222     		movs	r2, #18
 150 0008 1A60     		str	r2, [r3]
 177:Generated_Source\PSoC4/cyfitter_cfg.c **** 	/* Setup and trim IMO based on desired frequency. */
 178:Generated_Source\PSoC4/cyfitter_cfg.c **** 	CySysClkWriteImoFreq(24u);
 151              		.loc 1 178 0
 152 000a 1820     		movs	r0, #24
 153 000c FFF7FEFF 		bl	CySysClkWriteImoFreq
 179:Generated_Source\PSoC4/cyfitter_cfg.c **** 	/* CYDEV_CLK_ILO_CONFIG Starting address: CYDEV_CLK_ILO_CONFIG */
 180:Generated_Source\PSoC4/cyfitter_cfg.c **** 	CY_SET_REG32((void *)(CYREG_CLK_ILO_CONFIG), 0x80000006u);
 154              		.loc 1 180 0
 155 0010 0F4B     		ldr	r3, .L5+4
 156 0012 104A     		ldr	r2, .L5+8
 157 0014 1A60     		str	r2, [r3]
 181:Generated_Source\PSoC4/cyfitter_cfg.c **** 
 182:Generated_Source\PSoC4/cyfitter_cfg.c **** 
 183:Generated_Source\PSoC4/cyfitter_cfg.c **** 	/* Setup phase aligned clocks */
 184:Generated_Source\PSoC4/cyfitter_cfg.c **** 	CY_SET_REG32((void *)CYREG_PERI_DIV_16_CTL0, 0x00000F00u);
 158              		.loc 1 184 0
ARM GAS  C:\Users\bnels\AppData\Local\Temp\ccAzcXpe.s 			page 7


 159 0016 104B     		ldr	r3, .L5+12
 160 0018 F022     		movs	r2, #240
 161 001a 1201     		lsls	r2, r2, #4
 162 001c 1A60     		str	r2, [r3]
 185:Generated_Source\PSoC4/cyfitter_cfg.c **** 	CY_SET_REG32((void *)CYREG_PERI_DIV_CMD, 0x8000FF40u);
 163              		.loc 1 185 0
 164 001e 0F4B     		ldr	r3, .L5+16
 165 0020 0F4A     		ldr	r2, .L5+20
 166 0022 1A60     		str	r2, [r3]
 186:Generated_Source\PSoC4/cyfitter_cfg.c **** 
 187:Generated_Source\PSoC4/cyfitter_cfg.c **** 	/* CYDEV_CLK_IMO_CONFIG Starting address: CYDEV_CLK_IMO_CONFIG */
 188:Generated_Source\PSoC4/cyfitter_cfg.c **** 	CY_SET_REG32((void *)(CYREG_CLK_IMO_CONFIG), 0x80000000u);
 167              		.loc 1 188 0
 168 0024 0F4B     		ldr	r3, .L5+24
 169 0026 8022     		movs	r2, #128
 170 0028 1206     		lsls	r2, r2, #24
 171 002a 1A60     		str	r2, [r3]
 189:Generated_Source\PSoC4/cyfitter_cfg.c **** 
 190:Generated_Source\PSoC4/cyfitter_cfg.c **** 	/* CYDEV_CLK_SELECT Starting address: CYDEV_CLK_SELECT */
 191:Generated_Source\PSoC4/cyfitter_cfg.c **** 	CY_SET_REG32((void *)(CYREG_CLK_SELECT), 0x00000000u);
 172              		.loc 1 191 0
 173 002c 0E4B     		ldr	r3, .L5+28
 174 002e 0022     		movs	r2, #0
 175 0030 1A60     		str	r2, [r3]
 192:Generated_Source\PSoC4/cyfitter_cfg.c **** 
 193:Generated_Source\PSoC4/cyfitter_cfg.c **** 	/* CYDEV_PERI_PCLK_CTL5 Starting address: CYDEV_PERI_PCLK_CTL5 */
 194:Generated_Source\PSoC4/cyfitter_cfg.c **** 	CY_SET_REG32((void *)(CYREG_PERI_PCLK_CTL5), 0x00000040u);
 176              		.loc 1 194 0
 177 0032 0E4B     		ldr	r3, .L5+32
 178 0034 4022     		movs	r2, #64
 179 0036 1A60     		str	r2, [r3]
 195:Generated_Source\PSoC4/cyfitter_cfg.c **** 
 196:Generated_Source\PSoC4/cyfitter_cfg.c **** 	CY_SET_REG32((void *)(CYREG_WDT_CONFIG), 0x00000000u);
 180              		.loc 1 196 0
 181 0038 0D4B     		ldr	r3, .L5+36
 182 003a 0022     		movs	r2, #0
 183 003c 1A60     		str	r2, [r3]
 197:Generated_Source\PSoC4/cyfitter_cfg.c **** 	/* Set Flash Cycles based on newly configured 24.00MHz HFCLK. */
 198:Generated_Source\PSoC4/cyfitter_cfg.c **** 	CY_SET_REG32((void CYXDATA *)(CYREG_CPUSS_FLASH_CTL), (0x0011u));
 184              		.loc 1 198 0
 185 003e 034B     		ldr	r3, .L5
 186 0040 1122     		movs	r2, #17
 187 0042 1A60     		str	r2, [r3]
 199:Generated_Source\PSoC4/cyfitter_cfg.c **** }
 188              		.loc 1 199 0
 189 0044 C046     		nop
 190 0046 BD46     		mov	sp, r7
 191              		@ sp needed
 192 0048 80BD     		pop	{r7, pc}
 193              	.L6:
 194 004a C046     		.align	2
 195              	.L5:
 196 004c 30001040 		.word	1074790448
 197 0050 04010B40 		.word	1074462980
 198 0054 06000080 		.word	-2147483642
 199 0058 00030140 		.word	1073808128
 200 005c 00000140 		.word	1073807360
ARM GAS  C:\Users\bnels\AppData\Local\Temp\ccAzcXpe.s 			page 8


 201 0060 40FF0080 		.word	-2147418304
 202 0064 08010B40 		.word	1074462984
 203 0068 00010B40 		.word	1074462976
 204 006c 14010140 		.word	1073807636
 205 0070 0C020B40 		.word	1074463244
 206              		.cfi_endproc
 207              	.LFE4:
 208              		.size	ClockSetup, .-ClockSetup
 209              		.section	.text.AnalogSetDefault,"ax",%progbits
 210              		.align	2
 211              		.code	16
 212              		.thumb_func
 213              		.type	AnalogSetDefault, %function
 214              	AnalogSetDefault:
 215              	.LFB5:
 200:Generated_Source\PSoC4/cyfitter_cfg.c **** 
 201:Generated_Source\PSoC4/cyfitter_cfg.c **** 
 202:Generated_Source\PSoC4/cyfitter_cfg.c **** /* Analog API Functions */
 203:Generated_Source\PSoC4/cyfitter_cfg.c **** 
 204:Generated_Source\PSoC4/cyfitter_cfg.c **** 
 205:Generated_Source\PSoC4/cyfitter_cfg.c **** /*******************************************************************************
 206:Generated_Source\PSoC4/cyfitter_cfg.c **** * Function Name: AnalogSetDefault
 207:Generated_Source\PSoC4/cyfitter_cfg.c **** ********************************************************************************
 208:Generated_Source\PSoC4/cyfitter_cfg.c **** *
 209:Generated_Source\PSoC4/cyfitter_cfg.c **** * Summary:
 210:Generated_Source\PSoC4/cyfitter_cfg.c **** *  Sets up the analog portions of the chip to default values based on chip
 211:Generated_Source\PSoC4/cyfitter_cfg.c **** *  configuration options from the project.
 212:Generated_Source\PSoC4/cyfitter_cfg.c **** *
 213:Generated_Source\PSoC4/cyfitter_cfg.c **** * Parameters:
 214:Generated_Source\PSoC4/cyfitter_cfg.c **** *  void
 215:Generated_Source\PSoC4/cyfitter_cfg.c **** *
 216:Generated_Source\PSoC4/cyfitter_cfg.c **** * Return:
 217:Generated_Source\PSoC4/cyfitter_cfg.c **** *  void
 218:Generated_Source\PSoC4/cyfitter_cfg.c **** *
 219:Generated_Source\PSoC4/cyfitter_cfg.c **** *******************************************************************************/
 220:Generated_Source\PSoC4/cyfitter_cfg.c **** static void AnalogSetDefault(void);
 221:Generated_Source\PSoC4/cyfitter_cfg.c **** static void AnalogSetDefault(void)
 222:Generated_Source\PSoC4/cyfitter_cfg.c **** {
 216              		.loc 1 222 0
 217              		.cfi_startproc
 218              		@ args = 0, pretend = 0, frame = 0
 219              		@ frame_needed = 1, uses_anonymous_args = 0
 220 0000 80B5     		push	{r7, lr}
 221              		.cfi_def_cfa_offset 8
 222              		.cfi_offset 7, -8
 223              		.cfi_offset 14, -4
 224 0002 00AF     		add	r7, sp, #0
 225              		.cfi_def_cfa_register 7
 223:Generated_Source\PSoC4/cyfitter_cfg.c **** 	CY_SET_XTND_REG32((void CYFAR *)CYREG_CTBM0_DFT_CTRL, 0x00000003u);
 226              		.loc 1 223 0
 227 0004 054B     		ldr	r3, .L8
 228 0006 0322     		movs	r2, #3
 229 0008 1A60     		str	r2, [r3]
 224:Generated_Source\PSoC4/cyfitter_cfg.c **** 	CY_SET_XTND_REG32((void CYFAR *)CYREG_CTBM1_DFT_CTRL, 0x00000003u);
 230              		.loc 1 224 0
 231 000a 054B     		ldr	r3, .L8+4
 232 000c 0322     		movs	r2, #3
ARM GAS  C:\Users\bnels\AppData\Local\Temp\ccAzcXpe.s 			page 9


 233 000e 1A60     		str	r2, [r3]
 225:Generated_Source\PSoC4/cyfitter_cfg.c **** 	CY_SET_XTND_REG32((void CYFAR *)CYREG_PASS_DSAB_DSAB_CTRL, 0x00000000u);
 234              		.loc 1 225 0
 235 0010 044B     		ldr	r3, .L8+8
 236 0012 0022     		movs	r2, #0
 237 0014 1A60     		str	r2, [r3]
 226:Generated_Source\PSoC4/cyfitter_cfg.c **** }
 238              		.loc 1 226 0
 239 0016 C046     		nop
 240 0018 BD46     		mov	sp, r7
 241              		@ sp needed
 242 001a 80BD     		pop	{r7, pc}
 243              	.L9:
 244              		.align	2
 245              	.L8:
 246 001c 30003040 		.word	1076887600
 247 0020 30003140 		.word	1076953136
 248 0024 000E3F40 		.word	1077874176
 249              		.cfi_endproc
 250              	.LFE5:
 251              		.size	AnalogSetDefault, .-AnalogSetDefault
 252              		.section	.psocinit
 253              		.align	2
 254              		.global	cyfitter_cfg
 255              		.code	16
 256              		.thumb_func
 257              		.type	cyfitter_cfg, %function
 258              	cyfitter_cfg:
 259              	.LFB6:
 227:Generated_Source\PSoC4/cyfitter_cfg.c **** 
 228:Generated_Source\PSoC4/cyfitter_cfg.c **** 
 229:Generated_Source\PSoC4/cyfitter_cfg.c **** 
 230:Generated_Source\PSoC4/cyfitter_cfg.c **** 
 231:Generated_Source\PSoC4/cyfitter_cfg.c **** /*******************************************************************************
 232:Generated_Source\PSoC4/cyfitter_cfg.c **** * Function Name: cyfitter_cfg
 233:Generated_Source\PSoC4/cyfitter_cfg.c **** ********************************************************************************
 234:Generated_Source\PSoC4/cyfitter_cfg.c **** * Summary:
 235:Generated_Source\PSoC4/cyfitter_cfg.c **** *  This function is called by the start-up code for the selected device. It
 236:Generated_Source\PSoC4/cyfitter_cfg.c **** *  performs all of the necessary device configuration based on the design
 237:Generated_Source\PSoC4/cyfitter_cfg.c **** *  settings.  This includes settings from the Design Wide Resources (DWR) such
 238:Generated_Source\PSoC4/cyfitter_cfg.c **** *  as Clocks and Pins as well as any component configuration that is necessary.
 239:Generated_Source\PSoC4/cyfitter_cfg.c **** *
 240:Generated_Source\PSoC4/cyfitter_cfg.c **** * Parameters:
 241:Generated_Source\PSoC4/cyfitter_cfg.c **** *   void
 242:Generated_Source\PSoC4/cyfitter_cfg.c **** *
 243:Generated_Source\PSoC4/cyfitter_cfg.c **** * Return:
 244:Generated_Source\PSoC4/cyfitter_cfg.c **** *   void
 245:Generated_Source\PSoC4/cyfitter_cfg.c **** *
 246:Generated_Source\PSoC4/cyfitter_cfg.c **** *******************************************************************************/
 247:Generated_Source\PSoC4/cyfitter_cfg.c **** CY_CFG_SECTION
 248:Generated_Source\PSoC4/cyfitter_cfg.c **** void cyfitter_cfg(void)
 249:Generated_Source\PSoC4/cyfitter_cfg.c **** {
 260              		.loc 1 249 0
 261              		.cfi_startproc
 262              		@ args = 0, pretend = 0, frame = 8
 263              		@ frame_needed = 1, uses_anonymous_args = 0
 264 0074 80B5     		push	{r7, lr}
ARM GAS  C:\Users\bnels\AppData\Local\Temp\ccAzcXpe.s 			page 10


 265              		.cfi_def_cfa_offset 8
 266              		.cfi_offset 7, -8
 267              		.cfi_offset 14, -4
 268 0076 82B0     		sub	sp, sp, #8
 269              		.cfi_def_cfa_offset 16
 270 0078 00AF     		add	r7, sp, #0
 271              		.cfi_def_cfa_register 7
 250:Generated_Source\PSoC4/cyfitter_cfg.c **** 	/* Disable interrupts by default. Let user enable if/when they want. */
 251:Generated_Source\PSoC4/cyfitter_cfg.c **** 	CyGlobalIntDisable;
 272              		.loc 1 251 0
 273              		.syntax divided
 274              	@ 251 "Generated_Source\PSoC4\cyfitter_cfg.c" 1
 275 007a 72B6     		CPSID   i
 276              	@ 0 "" 2
 277              		.thumb
 278              		.syntax unified
 279              	.LBB2:
 252:Generated_Source\PSoC4/cyfitter_cfg.c **** 
 253:Generated_Source\PSoC4/cyfitter_cfg.c **** 	{
 254:Generated_Source\PSoC4/cyfitter_cfg.c **** 
 255:Generated_Source\PSoC4/cyfitter_cfg.c **** 		CYPACKED typedef struct {
 256:Generated_Source\PSoC4/cyfitter_cfg.c **** 			void CYFAR *address;
 257:Generated_Source\PSoC4/cyfitter_cfg.c **** 			uint16 size;
 258:Generated_Source\PSoC4/cyfitter_cfg.c **** 		} CYPACKED_ATTR cfg_memset_t;
 259:Generated_Source\PSoC4/cyfitter_cfg.c **** 
 260:Generated_Source\PSoC4/cyfitter_cfg.c **** 		static const cfg_memset_t CYCODE cfg_memset_list[] = {
 261:Generated_Source\PSoC4/cyfitter_cfg.c **** 			/* address, size */
 262:Generated_Source\PSoC4/cyfitter_cfg.c **** 			{(void CYFAR *)(CYDEV_UDB_P0_U0_BASE), 1024u},
 263:Generated_Source\PSoC4/cyfitter_cfg.c **** 			{(void CYFAR *)(CYDEV_UDB_DSI0_BASE), 1024u},
 264:Generated_Source\PSoC4/cyfitter_cfg.c **** 		};
 265:Generated_Source\PSoC4/cyfitter_cfg.c **** 
 266:Generated_Source\PSoC4/cyfitter_cfg.c **** 		uint8 CYDATA i;
 267:Generated_Source\PSoC4/cyfitter_cfg.c **** 
 268:Generated_Source\PSoC4/cyfitter_cfg.c **** 		/* Zero out critical memory blocks before beginning configuration */
 269:Generated_Source\PSoC4/cyfitter_cfg.c **** 		for (i = 0u; i < (sizeof(cfg_memset_list)/sizeof(cfg_memset_list[0])); i++)
 280              		.loc 1 269 0
 281 007c FB1D     		adds	r3, r7, #7
 282 007e 0022     		movs	r2, #0
 283 0080 1A70     		strb	r2, [r3]
 284 0082 22E0     		b	.L11
 285              	.L12:
 286              	.LBB3:
 270:Generated_Source\PSoC4/cyfitter_cfg.c **** 		{
 271:Generated_Source\PSoC4/cyfitter_cfg.c **** 			const cfg_memset_t CYCODE * CYDATA ms = &cfg_memset_list[i];
 287              		.loc 1 271 0 discriminator 3
 288 0084 FB1D     		adds	r3, r7, #7
 289 0086 1A78     		ldrb	r2, [r3]
 290 0088 1300     		movs	r3, r2
 291 008a 5B00     		lsls	r3, r3, #1
 292 008c 9B18     		adds	r3, r3, r2
 293 008e 5B00     		lsls	r3, r3, #1
 294 0090 244A     		ldr	r2, .L13
 295 0092 9B18     		adds	r3, r3, r2
 296 0094 3B60     		str	r3, [r7]
 272:Generated_Source\PSoC4/cyfitter_cfg.c **** 			CYMEMZERO(ms->address, (size_t)(uint32)(ms->size));
 297              		.loc 1 272 0 discriminator 3
 298 0096 3B68     		ldr	r3, [r7]
ARM GAS  C:\Users\bnels\AppData\Local\Temp\ccAzcXpe.s 			page 11


 299 0098 1A78     		ldrb	r2, [r3]
 300 009a 5978     		ldrb	r1, [r3, #1]
 301 009c 0902     		lsls	r1, r1, #8
 302 009e 0A43     		orrs	r2, r1
 303 00a0 9978     		ldrb	r1, [r3, #2]
 304 00a2 0904     		lsls	r1, r1, #16
 305 00a4 0A43     		orrs	r2, r1
 306 00a6 DB78     		ldrb	r3, [r3, #3]
 307 00a8 1B06     		lsls	r3, r3, #24
 308 00aa 1343     		orrs	r3, r2
 309 00ac 1800     		movs	r0, r3
 310 00ae 3B68     		ldr	r3, [r7]
 311 00b0 1A79     		ldrb	r2, [r3, #4]
 312 00b2 5B79     		ldrb	r3, [r3, #5]
 313 00b4 1B02     		lsls	r3, r3, #8
 314 00b6 1343     		orrs	r3, r2
 315 00b8 9BB2     		uxth	r3, r3
 316 00ba 1900     		movs	r1, r3
 317 00bc FFF7FEFF 		bl	CYMEMZERO
 318              	.LBE3:
 269:Generated_Source\PSoC4/cyfitter_cfg.c **** 		{
 319              		.loc 1 269 0 discriminator 3
 320 00c0 FB1D     		adds	r3, r7, #7
 321 00c2 1A78     		ldrb	r2, [r3]
 322 00c4 FB1D     		adds	r3, r7, #7
 323 00c6 0132     		adds	r2, r2, #1
 324 00c8 1A70     		strb	r2, [r3]
 325              	.L11:
 269:Generated_Source\PSoC4/cyfitter_cfg.c **** 		{
 326              		.loc 1 269 0 is_stmt 0 discriminator 1
 327 00ca FB1D     		adds	r3, r7, #7
 328 00cc 1B78     		ldrb	r3, [r3]
 329 00ce 012B     		cmp	r3, #1
 330 00d0 D8D9     		bls	.L12
 273:Generated_Source\PSoC4/cyfitter_cfg.c **** 		}
 274:Generated_Source\PSoC4/cyfitter_cfg.c **** 
 275:Generated_Source\PSoC4/cyfitter_cfg.c **** 		/* HSIOM Starting address: CYDEV_HSIOM_BASE */
 276:Generated_Source\PSoC4/cyfitter_cfg.c **** 		CY_SET_REG32((void *)(CYREG_HSIOM_PORT_SEL3), 0x0000EE00u);
 331              		.loc 1 276 0 is_stmt 1
 332 00d2 154B     		ldr	r3, .L13+4
 333 00d4 EE22     		movs	r2, #238
 334 00d6 1202     		lsls	r2, r2, #8
 335 00d8 1A60     		str	r2, [r3]
 277:Generated_Source\PSoC4/cyfitter_cfg.c **** 		CY_SET_REG32((void *)(CYREG_HSIOM_PORT_SEL7), 0x00000099u);
 336              		.loc 1 277 0
 337 00da 144B     		ldr	r3, .L13+8
 338 00dc 9922     		movs	r2, #153
 339 00de 1A60     		str	r2, [r3]
 278:Generated_Source\PSoC4/cyfitter_cfg.c **** 
 279:Generated_Source\PSoC4/cyfitter_cfg.c **** 		/* UDB_PA_3 Starting address: CYDEV_UDB_PA3_BASE */
 280:Generated_Source\PSoC4/cyfitter_cfg.c **** 		CY_SET_REG32((void *)(CYDEV_UDB_PA3_BASE), 0x00990000u);
 340              		.loc 1 280 0
 341 00e0 134B     		ldr	r3, .L13+12
 342 00e2 9922     		movs	r2, #153
 343 00e4 1204     		lsls	r2, r2, #16
 344 00e6 1A60     		str	r2, [r3]
 281:Generated_Source\PSoC4/cyfitter_cfg.c **** 
ARM GAS  C:\Users\bnels\AppData\Local\Temp\ccAzcXpe.s 			page 12


 282:Generated_Source\PSoC4/cyfitter_cfg.c **** 		/* Enable digital routing */
 283:Generated_Source\PSoC4/cyfitter_cfg.c **** 		CY_SET_XTND_REG8((void *)CYREG_UDB_UDBIF_BANK_CTL, (uint8)(CY_GET_XTND_REG8((void *)CYREG_UDB_UDB
 345              		.loc 1 283 0
 346 00e8 124A     		ldr	r2, .L13+16
 347 00ea 124B     		ldr	r3, .L13+16
 348 00ec 1B78     		ldrb	r3, [r3]
 349 00ee DBB2     		uxtb	r3, r3
 350 00f0 0621     		movs	r1, #6
 351 00f2 0B43     		orrs	r3, r1
 352 00f4 DBB2     		uxtb	r3, r3
 353 00f6 1370     		strb	r3, [r2]
 354              	.LBE2:
 284:Generated_Source\PSoC4/cyfitter_cfg.c **** 	}
 285:Generated_Source\PSoC4/cyfitter_cfg.c **** 
 286:Generated_Source\PSoC4/cyfitter_cfg.c **** 	/* Perform second pass device configuration. These items must be configured in specific order afte
 287:Generated_Source\PSoC4/cyfitter_cfg.c **** 	/* IOPINS0_3 Starting address: CYDEV_GPIO_PRT3_BASE */
 288:Generated_Source\PSoC4/cyfitter_cfg.c **** 	CY_SET_REG32((void *)(CYREG_GPIO_PRT3_PC), 0x00000D80u);
 355              		.loc 1 288 0
 356 00f8 0F4B     		ldr	r3, .L13+20
 357 00fa D822     		movs	r2, #216
 358 00fc 1201     		lsls	r2, r2, #4
 359 00fe 1A60     		str	r2, [r3]
 289:Generated_Source\PSoC4/cyfitter_cfg.c **** 
 290:Generated_Source\PSoC4/cyfitter_cfg.c **** 	/* IOPINS0_7 Starting address: CYDEV_GPIO_PRT7_BASE */
 291:Generated_Source\PSoC4/cyfitter_cfg.c **** 	CY_SET_REG32((void *)(CYDEV_GPIO_PRT7_BASE), 0x00000002u);
 360              		.loc 1 291 0
 361 0100 0E4B     		ldr	r3, .L13+24
 362 0102 0222     		movs	r2, #2
 363 0104 1A60     		str	r2, [r3]
 292:Generated_Source\PSoC4/cyfitter_cfg.c **** 	CY_SET_REG32((void *)(CYREG_GPIO_PRT7_PC), 0x00000031u);
 364              		.loc 1 292 0
 365 0106 0E4B     		ldr	r3, .L13+28
 366 0108 3122     		movs	r2, #49
 367 010a 1A60     		str	r2, [r3]
 293:Generated_Source\PSoC4/cyfitter_cfg.c **** 	CY_SET_REG32((void *)(CYREG_GPIO_PRT7_PC2), 0x00000002u);
 368              		.loc 1 293 0
 369 010c 0D4B     		ldr	r3, .L13+32
 370 010e 0222     		movs	r2, #2
 371 0110 1A60     		str	r2, [r3]
 294:Generated_Source\PSoC4/cyfitter_cfg.c **** 
 295:Generated_Source\PSoC4/cyfitter_cfg.c **** 
 296:Generated_Source\PSoC4/cyfitter_cfg.c **** 	/* Setup clocks based on selections from Clock DWR */
 297:Generated_Source\PSoC4/cyfitter_cfg.c **** 	ClockSetup();
 372              		.loc 1 297 0
 373 0112 FFF775FF 		bl	ClockSetup
 298:Generated_Source\PSoC4/cyfitter_cfg.c **** 
 299:Generated_Source\PSoC4/cyfitter_cfg.c **** 	/* Perform basic analog initialization to defaults */
 300:Generated_Source\PSoC4/cyfitter_cfg.c **** 	AnalogSetDefault();
 374              		.loc 1 300 0
 375 0116 FFF7FEFF 		bl	AnalogSetDefault
 301:Generated_Source\PSoC4/cyfitter_cfg.c **** 
 302:Generated_Source\PSoC4/cyfitter_cfg.c **** }
 376              		.loc 1 302 0
 377 011a C046     		nop
 378 011c BD46     		mov	sp, r7
 379 011e 02B0     		add	sp, sp, #8
 380              		@ sp needed
ARM GAS  C:\Users\bnels\AppData\Local\Temp\ccAzcXpe.s 			page 13


 381 0120 80BD     		pop	{r7, pc}
 382              	.L14:
 383 0122 C046     		.align	2
 384              	.L13:
 385 0124 00000000 		.word	cfg_memset_list.4888
 386 0128 00030240 		.word	1073873664
 387 012c 00070240 		.word	1073874688
 388 0130 30500F40 		.word	1074745392
 389 0134 00700F40 		.word	1074753536
 390 0138 08030440 		.word	1074004744
 391 013c 00070440 		.word	1074005760
 392 0140 08070440 		.word	1074005768
 393 0144 18070440 		.word	1074005784
 394              		.cfi_endproc
 395              	.LFE6:
 396              		.size	cyfitter_cfg, .-cyfitter_cfg
 397              		.section	.rodata
 398              		.align	2
 399              		.type	cfg_memset_list.4888, %object
 400              		.size	cfg_memset_list.4888, 12
 401              	cfg_memset_list.4888:
 402 0000 00300F40 		.word	1074737152
 403 0004 0004     		.short	1024
 404 0006 00400F40 		.4byte	1074741248
 405 000a 0004     		.short	1024
 406              		.text
 407              	.Letext0:
 408              		.file 2 "c:\\program files (x86)\\cypress\\psoc creator\\4.1\\psoc creator\\import\\gnu\\arm\\5.4.
 409              		.file 3 "Generated_Source\\PSoC4\\cytypes.h"
 410              		.section	.debug_info,"",%progbits
 411              	.Ldebug_info0:
 412 0000 53020000 		.4byte	0x253
 413 0004 0400     		.2byte	0x4
 414 0006 00000000 		.4byte	.Ldebug_abbrev0
 415 000a 04       		.byte	0x4
 416 000b 01       		.uleb128 0x1
 417 000c C8000000 		.4byte	.LASF30
 418 0010 0C       		.byte	0xc
 419 0011 06020000 		.4byte	.LASF31
 420 0015 1E000000 		.4byte	.LASF32
 421 0019 00000000 		.4byte	.Ldebug_ranges0+0
 422 001d 00000000 		.4byte	0
 423 0021 00000000 		.4byte	.Ldebug_line0
 424 0025 02       		.uleb128 0x2
 425 0026 04       		.byte	0x4
 426 0027 05       		.byte	0x5
 427 0028 696E7400 		.ascii	"int\000"
 428 002c 03       		.uleb128 0x3
 429 002d 06000000 		.4byte	.LASF12
 430 0031 02       		.byte	0x2
 431 0032 D8       		.byte	0xd8
 432 0033 37000000 		.4byte	0x37
 433 0037 04       		.uleb128 0x4
 434 0038 04       		.byte	0x4
 435 0039 07       		.byte	0x7
 436 003a 86010000 		.4byte	.LASF0
 437 003e 04       		.uleb128 0x4
ARM GAS  C:\Users\bnels\AppData\Local\Temp\ccAzcXpe.s 			page 14


 438 003f 08       		.byte	0x8
 439 0040 05       		.byte	0x5
 440 0041 C8010000 		.4byte	.LASF1
 441 0045 04       		.uleb128 0x4
 442 0046 08       		.byte	0x8
 443 0047 04       		.byte	0x4
 444 0048 EE010000 		.4byte	.LASF2
 445 004c 04       		.uleb128 0x4
 446 004d 01       		.byte	0x1
 447 004e 06       		.byte	0x6
 448 004f FA010000 		.4byte	.LASF3
 449 0053 04       		.uleb128 0x4
 450 0054 01       		.byte	0x1
 451 0055 08       		.byte	0x8
 452 0056 56010000 		.4byte	.LASF4
 453 005a 04       		.uleb128 0x4
 454 005b 02       		.byte	0x2
 455 005c 05       		.byte	0x5
 456 005d DB010000 		.4byte	.LASF5
 457 0061 04       		.uleb128 0x4
 458 0062 02       		.byte	0x2
 459 0063 07       		.byte	0x7
 460 0064 7E000000 		.4byte	.LASF6
 461 0068 04       		.uleb128 0x4
 462 0069 04       		.byte	0x4
 463 006a 05       		.byte	0x5
 464 006b E5010000 		.4byte	.LASF7
 465 006f 04       		.uleb128 0x4
 466 0070 04       		.byte	0x4
 467 0071 07       		.byte	0x7
 468 0072 A6000000 		.4byte	.LASF8
 469 0076 04       		.uleb128 0x4
 470 0077 08       		.byte	0x8
 471 0078 07       		.byte	0x7
 472 0079 9B010000 		.4byte	.LASF9
 473 007d 04       		.uleb128 0x4
 474 007e 04       		.byte	0x4
 475 007f 07       		.byte	0x7
 476 0080 BF010000 		.4byte	.LASF10
 477 0084 05       		.uleb128 0x5
 478 0085 04       		.byte	0x4
 479 0086 04       		.uleb128 0x4
 480 0087 01       		.byte	0x1
 481 0088 08       		.byte	0x8
 482 0089 D6010000 		.4byte	.LASF11
 483 008d 06       		.uleb128 0x6
 484 008e B8000000 		.4byte	.LASF13
 485 0092 03       		.byte	0x3
 486 0093 D201     		.2byte	0x1d2
 487 0095 53000000 		.4byte	0x53
 488 0099 06       		.uleb128 0x6
 489 009a 78010000 		.4byte	.LASF14
 490 009e 03       		.byte	0x3
 491 009f D301     		.2byte	0x1d3
 492 00a1 61000000 		.4byte	0x61
 493 00a5 06       		.uleb128 0x6
 494 00a6 7F010000 		.4byte	.LASF15
ARM GAS  C:\Users\bnels\AppData\Local\Temp\ccAzcXpe.s 			page 15


 495 00aa 03       		.byte	0x3
 496 00ab D401     		.2byte	0x1d4
 497 00ad 6F000000 		.4byte	0x6f
 498 00b1 04       		.uleb128 0x4
 499 00b2 04       		.byte	0x4
 500 00b3 04       		.byte	0x4
 501 00b4 91000000 		.4byte	.LASF16
 502 00b8 04       		.uleb128 0x4
 503 00b9 08       		.byte	0x8
 504 00ba 04       		.byte	0x4
 505 00bb 64010000 		.4byte	.LASF17
 506 00bf 06       		.uleb128 0x6
 507 00c0 A1000000 		.4byte	.LASF18
 508 00c4 03       		.byte	0x3
 509 00c5 7C02     		.2byte	0x27c
 510 00c7 CB000000 		.4byte	0xcb
 511 00cb 07       		.uleb128 0x7
 512 00cc 8D000000 		.4byte	0x8d
 513 00d0 06       		.uleb128 0x6
 514 00d1 00000000 		.4byte	.LASF19
 515 00d5 03       		.byte	0x3
 516 00d6 7E02     		.2byte	0x27e
 517 00d8 DC000000 		.4byte	0xdc
 518 00dc 07       		.uleb128 0x7
 519 00dd A5000000 		.4byte	0xa5
 520 00e1 08       		.uleb128 0x8
 521 00e2 BE000000 		.4byte	.LASF20
 522 00e6 01       		.byte	0x1
 523 00e7 4B       		.byte	0x4b
 524 00e8 00000000 		.4byte	.LFB1
 525 00ec 1E000000 		.4byte	.LFE1-.LFB1
 526 00f0 01       		.uleb128 0x1
 527 00f1 9C       		.byte	0x9c
 528 00f2 0F010000 		.4byte	0x10f
 529 00f6 09       		.uleb128 0x9
 530 00f7 7300     		.ascii	"s\000"
 531 00f9 01       		.byte	0x1
 532 00fa 4B       		.byte	0x4b
 533 00fb 84000000 		.4byte	0x84
 534 00ff 02       		.uleb128 0x2
 535 0100 91       		.byte	0x91
 536 0101 74       		.sleb128 -12
 537 0102 09       		.uleb128 0x9
 538 0103 6E00     		.ascii	"n\000"
 539 0105 01       		.byte	0x1
 540 0106 4B       		.byte	0x4b
 541 0107 2C000000 		.4byte	0x2c
 542 010b 02       		.uleb128 0x2
 543 010c 91       		.byte	0x91
 544 010d 70       		.sleb128 -16
 545 010e 00       		.byte	0
 546 010f 08       		.uleb128 0x8
 547 0110 3C020000 		.4byte	.LASF21
 548 0114 01       		.byte	0x1
 549 0115 52       		.byte	0x52
 550 0116 00000000 		.4byte	.LFB2
 551 011a 20000000 		.4byte	.LFE2-.LFB2
ARM GAS  C:\Users\bnels\AppData\Local\Temp\ccAzcXpe.s 			page 16


 552 011e 01       		.uleb128 0x1
 553 011f 9C       		.byte	0x9c
 554 0120 4D010000 		.4byte	0x14d
 555 0124 0A       		.uleb128 0xa
 556 0125 97000000 		.4byte	.LASF22
 557 0129 01       		.byte	0x1
 558 012a 52       		.byte	0x52
 559 012b 84000000 		.4byte	0x84
 560 012f 02       		.uleb128 0x2
 561 0130 91       		.byte	0x91
 562 0131 74       		.sleb128 -12
 563 0132 09       		.uleb128 0x9
 564 0133 73726300 		.ascii	"src\000"
 565 0137 01       		.byte	0x1
 566 0138 52       		.byte	0x52
 567 0139 4D010000 		.4byte	0x14d
 568 013d 02       		.uleb128 0x2
 569 013e 91       		.byte	0x91
 570 013f 70       		.sleb128 -16
 571 0140 09       		.uleb128 0x9
 572 0141 6E00     		.ascii	"n\000"
 573 0143 01       		.byte	0x1
 574 0144 52       		.byte	0x52
 575 0145 2C000000 		.4byte	0x2c
 576 0149 02       		.uleb128 0x2
 577 014a 91       		.byte	0x91
 578 014b 6C       		.sleb128 -20
 579 014c 00       		.byte	0
 580 014d 0B       		.uleb128 0xb
 581 014e 04       		.byte	0x4
 582 014f 53010000 		.4byte	0x153
 583 0153 0C       		.uleb128 0xc
 584 0154 08       		.uleb128 0x8
 585 0155 2C020000 		.4byte	.LASF23
 586 0159 01       		.byte	0x1
 587 015a 59       		.byte	0x59
 588 015b 00000000 		.4byte	.LFB3
 589 015f 20000000 		.4byte	.LFE3-.LFB3
 590 0163 01       		.uleb128 0x1
 591 0164 9C       		.byte	0x9c
 592 0165 92010000 		.4byte	0x192
 593 0169 0A       		.uleb128 0xa
 594 016a 97000000 		.4byte	.LASF22
 595 016e 01       		.byte	0x1
 596 016f 59       		.byte	0x59
 597 0170 84000000 		.4byte	0x84
 598 0174 02       		.uleb128 0x2
 599 0175 91       		.byte	0x91
 600 0176 74       		.sleb128 -12
 601 0177 09       		.uleb128 0x9
 602 0178 73726300 		.ascii	"src\000"
 603 017c 01       		.byte	0x1
 604 017d 59       		.byte	0x59
 605 017e 4D010000 		.4byte	0x14d
 606 0182 02       		.uleb128 0x2
 607 0183 91       		.byte	0x91
 608 0184 70       		.sleb128 -16
ARM GAS  C:\Users\bnels\AppData\Local\Temp\ccAzcXpe.s 			page 17


 609 0185 09       		.uleb128 0x9
 610 0186 6E00     		.ascii	"n\000"
 611 0188 01       		.byte	0x1
 612 0189 59       		.byte	0x59
 613 018a 2C000000 		.4byte	0x2c
 614 018e 02       		.uleb128 0x2
 615 018f 91       		.byte	0x91
 616 0190 6C       		.sleb128 -20
 617 0191 00       		.byte	0
 618 0192 0D       		.uleb128 0xd
 619 0193 73000000 		.4byte	.LASF24
 620 0197 01       		.byte	0x1
 621 0198 AC       		.byte	0xac
 622 0199 00000000 		.4byte	.LFB4
 623 019d 74000000 		.4byte	.LFE4-.LFB4
 624 01a1 01       		.uleb128 0x1
 625 01a2 9C       		.byte	0x9c
 626 01a3 0E       		.uleb128 0xe
 627 01a4 0D000000 		.4byte	.LASF25
 628 01a8 01       		.byte	0x1
 629 01a9 DD       		.byte	0xdd
 630 01aa 00000000 		.4byte	.LFB5
 631 01ae 28000000 		.4byte	.LFE5-.LFB5
 632 01b2 01       		.uleb128 0x1
 633 01b3 9C       		.byte	0x9c
 634 01b4 0F       		.uleb128 0xf
 635 01b5 6B010000 		.4byte	.LASF33
 636 01b9 01       		.byte	0x1
 637 01ba F8       		.byte	0xf8
 638 01bb 74000000 		.4byte	.LFB6
 639 01bf D4000000 		.4byte	.LFE6-.LFB6
 640 01c3 01       		.uleb128 0x1
 641 01c4 9C       		.byte	0x9c
 642 01c5 10       		.uleb128 0x10
 643 01c6 7C000000 		.4byte	.LBB2
 644 01ca 7C000000 		.4byte	.LBE2-.LBB2
 645 01ce 11       		.uleb128 0x11
 646 01cf 06       		.byte	0x6
 647 01d0 01       		.byte	0x1
 648 01d1 FF       		.byte	0xff
 649 01d2 F1010000 		.4byte	0x1f1
 650 01d6 12       		.uleb128 0x12
 651 01d7 93010000 		.4byte	.LASF26
 652 01db 01       		.byte	0x1
 653 01dc 0001     		.2byte	0x100
 654 01de 84000000 		.4byte	0x84
 655 01e2 00       		.byte	0
 656 01e3 12       		.uleb128 0x12
 657 01e4 9C000000 		.4byte	.LASF27
 658 01e8 01       		.byte	0x1
 659 01e9 0101     		.2byte	0x101
 660 01eb 99000000 		.4byte	0x99
 661 01ef 04       		.byte	0x4
 662 01f0 00       		.byte	0
 663 01f1 06       		.uleb128 0x6
 664 01f2 B2010000 		.4byte	.LASF28
 665 01f6 01       		.byte	0x1
ARM GAS  C:\Users\bnels\AppData\Local\Temp\ccAzcXpe.s 			page 18


 666 01f7 0201     		.2byte	0x102
 667 01f9 CE010000 		.4byte	0x1ce
 668 01fd 13       		.uleb128 0x13
 669 01fe 0D020000 		.4byte	0x20d
 670 0202 0D020000 		.4byte	0x20d
 671 0206 14       		.uleb128 0x14
 672 0207 7D000000 		.4byte	0x7d
 673 020b 01       		.byte	0x1
 674 020c 00       		.byte	0
 675 020d 15       		.uleb128 0x15
 676 020e F1010000 		.4byte	0x1f1
 677 0212 16       		.uleb128 0x16
 678 0213 63000000 		.4byte	.LASF29
 679 0217 01       		.byte	0x1
 680 0218 0401     		.2byte	0x104
 681 021a 24020000 		.4byte	0x224
 682 021e 05       		.uleb128 0x5
 683 021f 03       		.byte	0x3
 684 0220 00000000 		.4byte	cfg_memset_list.4888
 685 0224 15       		.uleb128 0x15
 686 0225 FD010000 		.4byte	0x1fd
 687 0229 17       		.uleb128 0x17
 688 022a 6900     		.ascii	"i\000"
 689 022c 01       		.byte	0x1
 690 022d 0A01     		.2byte	0x10a
 691 022f 8D000000 		.4byte	0x8d
 692 0233 02       		.uleb128 0x2
 693 0234 91       		.byte	0x91
 694 0235 77       		.sleb128 -9
 695 0236 10       		.uleb128 0x10
 696 0237 84000000 		.4byte	.LBB3
 697 023b 3C000000 		.4byte	.LBE3-.LBB3
 698 023f 17       		.uleb128 0x17
 699 0240 6D7300   		.ascii	"ms\000"
 700 0243 01       		.byte	0x1
 701 0244 0F01     		.2byte	0x10f
 702 0246 4D020000 		.4byte	0x24d
 703 024a 02       		.uleb128 0x2
 704 024b 91       		.byte	0x91
 705 024c 70       		.sleb128 -16
 706 024d 0B       		.uleb128 0xb
 707 024e 04       		.byte	0x4
 708 024f 0D020000 		.4byte	0x20d
 709 0253 00       		.byte	0
 710 0254 00       		.byte	0
 711 0255 00       		.byte	0
 712 0256 00       		.byte	0
 713              		.section	.debug_abbrev,"",%progbits
 714              	.Ldebug_abbrev0:
 715 0000 01       		.uleb128 0x1
 716 0001 11       		.uleb128 0x11
 717 0002 01       		.byte	0x1
 718 0003 25       		.uleb128 0x25
 719 0004 0E       		.uleb128 0xe
 720 0005 13       		.uleb128 0x13
 721 0006 0B       		.uleb128 0xb
 722 0007 03       		.uleb128 0x3
ARM GAS  C:\Users\bnels\AppData\Local\Temp\ccAzcXpe.s 			page 19


 723 0008 0E       		.uleb128 0xe
 724 0009 1B       		.uleb128 0x1b
 725 000a 0E       		.uleb128 0xe
 726 000b 55       		.uleb128 0x55
 727 000c 17       		.uleb128 0x17
 728 000d 11       		.uleb128 0x11
 729 000e 01       		.uleb128 0x1
 730 000f 10       		.uleb128 0x10
 731 0010 17       		.uleb128 0x17
 732 0011 00       		.byte	0
 733 0012 00       		.byte	0
 734 0013 02       		.uleb128 0x2
 735 0014 24       		.uleb128 0x24
 736 0015 00       		.byte	0
 737 0016 0B       		.uleb128 0xb
 738 0017 0B       		.uleb128 0xb
 739 0018 3E       		.uleb128 0x3e
 740 0019 0B       		.uleb128 0xb
 741 001a 03       		.uleb128 0x3
 742 001b 08       		.uleb128 0x8
 743 001c 00       		.byte	0
 744 001d 00       		.byte	0
 745 001e 03       		.uleb128 0x3
 746 001f 16       		.uleb128 0x16
 747 0020 00       		.byte	0
 748 0021 03       		.uleb128 0x3
 749 0022 0E       		.uleb128 0xe
 750 0023 3A       		.uleb128 0x3a
 751 0024 0B       		.uleb128 0xb
 752 0025 3B       		.uleb128 0x3b
 753 0026 0B       		.uleb128 0xb
 754 0027 49       		.uleb128 0x49
 755 0028 13       		.uleb128 0x13
 756 0029 00       		.byte	0
 757 002a 00       		.byte	0
 758 002b 04       		.uleb128 0x4
 759 002c 24       		.uleb128 0x24
 760 002d 00       		.byte	0
 761 002e 0B       		.uleb128 0xb
 762 002f 0B       		.uleb128 0xb
 763 0030 3E       		.uleb128 0x3e
 764 0031 0B       		.uleb128 0xb
 765 0032 03       		.uleb128 0x3
 766 0033 0E       		.uleb128 0xe
 767 0034 00       		.byte	0
 768 0035 00       		.byte	0
 769 0036 05       		.uleb128 0x5
 770 0037 0F       		.uleb128 0xf
 771 0038 00       		.byte	0
 772 0039 0B       		.uleb128 0xb
 773 003a 0B       		.uleb128 0xb
 774 003b 00       		.byte	0
 775 003c 00       		.byte	0
 776 003d 06       		.uleb128 0x6
 777 003e 16       		.uleb128 0x16
 778 003f 00       		.byte	0
 779 0040 03       		.uleb128 0x3
ARM GAS  C:\Users\bnels\AppData\Local\Temp\ccAzcXpe.s 			page 20


 780 0041 0E       		.uleb128 0xe
 781 0042 3A       		.uleb128 0x3a
 782 0043 0B       		.uleb128 0xb
 783 0044 3B       		.uleb128 0x3b
 784 0045 05       		.uleb128 0x5
 785 0046 49       		.uleb128 0x49
 786 0047 13       		.uleb128 0x13
 787 0048 00       		.byte	0
 788 0049 00       		.byte	0
 789 004a 07       		.uleb128 0x7
 790 004b 35       		.uleb128 0x35
 791 004c 00       		.byte	0
 792 004d 49       		.uleb128 0x49
 793 004e 13       		.uleb128 0x13
 794 004f 00       		.byte	0
 795 0050 00       		.byte	0
 796 0051 08       		.uleb128 0x8
 797 0052 2E       		.uleb128 0x2e
 798 0053 01       		.byte	0x1
 799 0054 03       		.uleb128 0x3
 800 0055 0E       		.uleb128 0xe
 801 0056 3A       		.uleb128 0x3a
 802 0057 0B       		.uleb128 0xb
 803 0058 3B       		.uleb128 0x3b
 804 0059 0B       		.uleb128 0xb
 805 005a 27       		.uleb128 0x27
 806 005b 19       		.uleb128 0x19
 807 005c 11       		.uleb128 0x11
 808 005d 01       		.uleb128 0x1
 809 005e 12       		.uleb128 0x12
 810 005f 06       		.uleb128 0x6
 811 0060 40       		.uleb128 0x40
 812 0061 18       		.uleb128 0x18
 813 0062 9642     		.uleb128 0x2116
 814 0064 19       		.uleb128 0x19
 815 0065 01       		.uleb128 0x1
 816 0066 13       		.uleb128 0x13
 817 0067 00       		.byte	0
 818 0068 00       		.byte	0
 819 0069 09       		.uleb128 0x9
 820 006a 05       		.uleb128 0x5
 821 006b 00       		.byte	0
 822 006c 03       		.uleb128 0x3
 823 006d 08       		.uleb128 0x8
 824 006e 3A       		.uleb128 0x3a
 825 006f 0B       		.uleb128 0xb
 826 0070 3B       		.uleb128 0x3b
 827 0071 0B       		.uleb128 0xb
 828 0072 49       		.uleb128 0x49
 829 0073 13       		.uleb128 0x13
 830 0074 02       		.uleb128 0x2
 831 0075 18       		.uleb128 0x18
 832 0076 00       		.byte	0
 833 0077 00       		.byte	0
 834 0078 0A       		.uleb128 0xa
 835 0079 05       		.uleb128 0x5
 836 007a 00       		.byte	0
ARM GAS  C:\Users\bnels\AppData\Local\Temp\ccAzcXpe.s 			page 21


 837 007b 03       		.uleb128 0x3
 838 007c 0E       		.uleb128 0xe
 839 007d 3A       		.uleb128 0x3a
 840 007e 0B       		.uleb128 0xb
 841 007f 3B       		.uleb128 0x3b
 842 0080 0B       		.uleb128 0xb
 843 0081 49       		.uleb128 0x49
 844 0082 13       		.uleb128 0x13
 845 0083 02       		.uleb128 0x2
 846 0084 18       		.uleb128 0x18
 847 0085 00       		.byte	0
 848 0086 00       		.byte	0
 849 0087 0B       		.uleb128 0xb
 850 0088 0F       		.uleb128 0xf
 851 0089 00       		.byte	0
 852 008a 0B       		.uleb128 0xb
 853 008b 0B       		.uleb128 0xb
 854 008c 49       		.uleb128 0x49
 855 008d 13       		.uleb128 0x13
 856 008e 00       		.byte	0
 857 008f 00       		.byte	0
 858 0090 0C       		.uleb128 0xc
 859 0091 26       		.uleb128 0x26
 860 0092 00       		.byte	0
 861 0093 00       		.byte	0
 862 0094 00       		.byte	0
 863 0095 0D       		.uleb128 0xd
 864 0096 2E       		.uleb128 0x2e
 865 0097 00       		.byte	0
 866 0098 03       		.uleb128 0x3
 867 0099 0E       		.uleb128 0xe
 868 009a 3A       		.uleb128 0x3a
 869 009b 0B       		.uleb128 0xb
 870 009c 3B       		.uleb128 0x3b
 871 009d 0B       		.uleb128 0xb
 872 009e 27       		.uleb128 0x27
 873 009f 19       		.uleb128 0x19
 874 00a0 11       		.uleb128 0x11
 875 00a1 01       		.uleb128 0x1
 876 00a2 12       		.uleb128 0x12
 877 00a3 06       		.uleb128 0x6
 878 00a4 40       		.uleb128 0x40
 879 00a5 18       		.uleb128 0x18
 880 00a6 9642     		.uleb128 0x2116
 881 00a8 19       		.uleb128 0x19
 882 00a9 00       		.byte	0
 883 00aa 00       		.byte	0
 884 00ab 0E       		.uleb128 0xe
 885 00ac 2E       		.uleb128 0x2e
 886 00ad 00       		.byte	0
 887 00ae 03       		.uleb128 0x3
 888 00af 0E       		.uleb128 0xe
 889 00b0 3A       		.uleb128 0x3a
 890 00b1 0B       		.uleb128 0xb
 891 00b2 3B       		.uleb128 0x3b
 892 00b3 0B       		.uleb128 0xb
 893 00b4 27       		.uleb128 0x27
ARM GAS  C:\Users\bnels\AppData\Local\Temp\ccAzcXpe.s 			page 22


 894 00b5 19       		.uleb128 0x19
 895 00b6 11       		.uleb128 0x11
 896 00b7 01       		.uleb128 0x1
 897 00b8 12       		.uleb128 0x12
 898 00b9 06       		.uleb128 0x6
 899 00ba 40       		.uleb128 0x40
 900 00bb 18       		.uleb128 0x18
 901 00bc 9742     		.uleb128 0x2117
 902 00be 19       		.uleb128 0x19
 903 00bf 00       		.byte	0
 904 00c0 00       		.byte	0
 905 00c1 0F       		.uleb128 0xf
 906 00c2 2E       		.uleb128 0x2e
 907 00c3 01       		.byte	0x1
 908 00c4 3F       		.uleb128 0x3f
 909 00c5 19       		.uleb128 0x19
 910 00c6 03       		.uleb128 0x3
 911 00c7 0E       		.uleb128 0xe
 912 00c8 3A       		.uleb128 0x3a
 913 00c9 0B       		.uleb128 0xb
 914 00ca 3B       		.uleb128 0x3b
 915 00cb 0B       		.uleb128 0xb
 916 00cc 27       		.uleb128 0x27
 917 00cd 19       		.uleb128 0x19
 918 00ce 11       		.uleb128 0x11
 919 00cf 01       		.uleb128 0x1
 920 00d0 12       		.uleb128 0x12
 921 00d1 06       		.uleb128 0x6
 922 00d2 40       		.uleb128 0x40
 923 00d3 18       		.uleb128 0x18
 924 00d4 9642     		.uleb128 0x2116
 925 00d6 19       		.uleb128 0x19
 926 00d7 00       		.byte	0
 927 00d8 00       		.byte	0
 928 00d9 10       		.uleb128 0x10
 929 00da 0B       		.uleb128 0xb
 930 00db 01       		.byte	0x1
 931 00dc 11       		.uleb128 0x11
 932 00dd 01       		.uleb128 0x1
 933 00de 12       		.uleb128 0x12
 934 00df 06       		.uleb128 0x6
 935 00e0 00       		.byte	0
 936 00e1 00       		.byte	0
 937 00e2 11       		.uleb128 0x11
 938 00e3 13       		.uleb128 0x13
 939 00e4 01       		.byte	0x1
 940 00e5 0B       		.uleb128 0xb
 941 00e6 0B       		.uleb128 0xb
 942 00e7 3A       		.uleb128 0x3a
 943 00e8 0B       		.uleb128 0xb
 944 00e9 3B       		.uleb128 0x3b
 945 00ea 0B       		.uleb128 0xb
 946 00eb 01       		.uleb128 0x1
 947 00ec 13       		.uleb128 0x13
 948 00ed 00       		.byte	0
 949 00ee 00       		.byte	0
 950 00ef 12       		.uleb128 0x12
ARM GAS  C:\Users\bnels\AppData\Local\Temp\ccAzcXpe.s 			page 23


 951 00f0 0D       		.uleb128 0xd
 952 00f1 00       		.byte	0
 953 00f2 03       		.uleb128 0x3
 954 00f3 0E       		.uleb128 0xe
 955 00f4 3A       		.uleb128 0x3a
 956 00f5 0B       		.uleb128 0xb
 957 00f6 3B       		.uleb128 0x3b
 958 00f7 05       		.uleb128 0x5
 959 00f8 49       		.uleb128 0x49
 960 00f9 13       		.uleb128 0x13
 961 00fa 38       		.uleb128 0x38
 962 00fb 0B       		.uleb128 0xb
 963 00fc 00       		.byte	0
 964 00fd 00       		.byte	0
 965 00fe 13       		.uleb128 0x13
 966 00ff 01       		.uleb128 0x1
 967 0100 01       		.byte	0x1
 968 0101 49       		.uleb128 0x49
 969 0102 13       		.uleb128 0x13
 970 0103 01       		.uleb128 0x1
 971 0104 13       		.uleb128 0x13
 972 0105 00       		.byte	0
 973 0106 00       		.byte	0
 974 0107 14       		.uleb128 0x14
 975 0108 21       		.uleb128 0x21
 976 0109 00       		.byte	0
 977 010a 49       		.uleb128 0x49
 978 010b 13       		.uleb128 0x13
 979 010c 2F       		.uleb128 0x2f
 980 010d 0B       		.uleb128 0xb
 981 010e 00       		.byte	0
 982 010f 00       		.byte	0
 983 0110 15       		.uleb128 0x15
 984 0111 26       		.uleb128 0x26
 985 0112 00       		.byte	0
 986 0113 49       		.uleb128 0x49
 987 0114 13       		.uleb128 0x13
 988 0115 00       		.byte	0
 989 0116 00       		.byte	0
 990 0117 16       		.uleb128 0x16
 991 0118 34       		.uleb128 0x34
 992 0119 00       		.byte	0
 993 011a 03       		.uleb128 0x3
 994 011b 0E       		.uleb128 0xe
 995 011c 3A       		.uleb128 0x3a
 996 011d 0B       		.uleb128 0xb
 997 011e 3B       		.uleb128 0x3b
 998 011f 05       		.uleb128 0x5
 999 0120 49       		.uleb128 0x49
 1000 0121 13       		.uleb128 0x13
 1001 0122 02       		.uleb128 0x2
 1002 0123 18       		.uleb128 0x18
 1003 0124 00       		.byte	0
 1004 0125 00       		.byte	0
 1005 0126 17       		.uleb128 0x17
 1006 0127 34       		.uleb128 0x34
 1007 0128 00       		.byte	0
ARM GAS  C:\Users\bnels\AppData\Local\Temp\ccAzcXpe.s 			page 24


 1008 0129 03       		.uleb128 0x3
 1009 012a 08       		.uleb128 0x8
 1010 012b 3A       		.uleb128 0x3a
 1011 012c 0B       		.uleb128 0xb
 1012 012d 3B       		.uleb128 0x3b
 1013 012e 05       		.uleb128 0x5
 1014 012f 49       		.uleb128 0x49
 1015 0130 13       		.uleb128 0x13
 1016 0131 02       		.uleb128 0x2
 1017 0132 18       		.uleb128 0x18
 1018 0133 00       		.byte	0
 1019 0134 00       		.byte	0
 1020 0135 00       		.byte	0
 1021              		.section	.debug_aranges,"",%progbits
 1022 0000 44000000 		.4byte	0x44
 1023 0004 0200     		.2byte	0x2
 1024 0006 00000000 		.4byte	.Ldebug_info0
 1025 000a 04       		.byte	0x4
 1026 000b 00       		.byte	0
 1027 000c 0000     		.2byte	0
 1028 000e 0000     		.2byte	0
 1029 0010 00000000 		.4byte	.LFB1
 1030 0014 1E000000 		.4byte	.LFE1-.LFB1
 1031 0018 00000000 		.4byte	.LFB2
 1032 001c 20000000 		.4byte	.LFE2-.LFB2
 1033 0020 00000000 		.4byte	.LFB3
 1034 0024 20000000 		.4byte	.LFE3-.LFB3
 1035 0028 00000000 		.4byte	.LFB4
 1036 002c 74000000 		.4byte	.LFE4-.LFB4
 1037 0030 00000000 		.4byte	.LFB5
 1038 0034 28000000 		.4byte	.LFE5-.LFB5
 1039 0038 74000000 		.4byte	.LFB6
 1040 003c D4000000 		.4byte	.LFE6-.LFB6
 1041 0040 00000000 		.4byte	0
 1042 0044 00000000 		.4byte	0
 1043              		.section	.debug_ranges,"",%progbits
 1044              	.Ldebug_ranges0:
 1045 0000 00000000 		.4byte	.LFB1
 1046 0004 1E000000 		.4byte	.LFE1
 1047 0008 00000000 		.4byte	.LFB2
 1048 000c 20000000 		.4byte	.LFE2
 1049 0010 00000000 		.4byte	.LFB3
 1050 0014 20000000 		.4byte	.LFE3
 1051 0018 00000000 		.4byte	.LFB4
 1052 001c 74000000 		.4byte	.LFE4
 1053 0020 00000000 		.4byte	.LFB5
 1054 0024 28000000 		.4byte	.LFE5
 1055 0028 74000000 		.4byte	.LFB6
 1056 002c 48010000 		.4byte	.LFE6
 1057 0030 00000000 		.4byte	0
 1058 0034 00000000 		.4byte	0
 1059              		.section	.debug_line,"",%progbits
 1060              	.Ldebug_line0:
 1061 0000 60010000 		.section	.debug_str,"MS",%progbits,1
 1061      0200CB00 
 1061      00000201 
 1061      FB0E0D00 
ARM GAS  C:\Users\bnels\AppData\Local\Temp\ccAzcXpe.s 			page 25


 1061      01010101 
 1062              	.LASF19:
 1063 0000 72656733 		.ascii	"reg32\000"
 1063      3200
 1064              	.LASF12:
 1065 0006 73697A65 		.ascii	"size_t\000"
 1065      5F7400
 1066              	.LASF25:
 1067 000d 416E616C 		.ascii	"AnalogSetDefault\000"
 1067      6F675365 
 1067      74446566 
 1067      61756C74 
 1067      00
 1068              	.LASF32:
 1069 001e 433A5C55 		.ascii	"C:\\Users\\bnels\\src\\PSoC4_UART_base\\UartComm_ba"
 1069      73657273 
 1069      5C626E65 
 1069      6C735C73 
 1069      72635C50 
 1070 004c 73655C55 		.ascii	"se\\UartComm_base.cydsn\000"
 1070      61727443 
 1070      6F6D6D5F 
 1070      62617365 
 1070      2E637964 
 1071              	.LASF29:
 1072 0063 6366675F 		.ascii	"cfg_memset_list\000"
 1072      6D656D73 
 1072      65745F6C 
 1072      69737400 
 1073              	.LASF24:
 1074 0073 436C6F63 		.ascii	"ClockSetup\000"
 1074      6B536574 
 1074      757000
 1075              	.LASF6:
 1076 007e 73686F72 		.ascii	"short unsigned int\000"
 1076      7420756E 
 1076      7369676E 
 1076      65642069 
 1076      6E7400
 1077              	.LASF16:
 1078 0091 666C6F61 		.ascii	"float\000"
 1078      7400
 1079              	.LASF22:
 1080 0097 64657374 		.ascii	"dest\000"
 1080      00
 1081              	.LASF27:
 1082 009c 73697A65 		.ascii	"size\000"
 1082      00
 1083              	.LASF18:
 1084 00a1 72656738 		.ascii	"reg8\000"
 1084      00
 1085              	.LASF8:
 1086 00a6 6C6F6E67 		.ascii	"long unsigned int\000"
 1086      20756E73 
 1086      69676E65 
 1086      6420696E 
 1086      7400
ARM GAS  C:\Users\bnels\AppData\Local\Temp\ccAzcXpe.s 			page 26


 1087              	.LASF13:
 1088 00b8 75696E74 		.ascii	"uint8\000"
 1088      3800
 1089              	.LASF20:
 1090 00be 43594D45 		.ascii	"CYMEMZERO\000"
 1090      4D5A4552 
 1090      4F00
 1091              	.LASF30:
 1092 00c8 474E5520 		.ascii	"GNU C11 5.4.1 20160609 (release) [ARM/embedded-5-br"
 1092      43313120 
 1092      352E342E 
 1092      31203230 
 1092      31363036 
 1093 00fb 616E6368 		.ascii	"anch revision 237715] -mcpu=cortex-m0 -mthumb -g -O"
 1093      20726576 
 1093      6973696F 
 1093      6E203233 
 1093      37373135 
 1094 012e 30202D66 		.ascii	"0 -ffunction-sections -ffat-lto-objects\000"
 1094      66756E63 
 1094      74696F6E 
 1094      2D736563 
 1094      74696F6E 
 1095              	.LASF4:
 1096 0156 756E7369 		.ascii	"unsigned char\000"
 1096      676E6564 
 1096      20636861 
 1096      7200
 1097              	.LASF17:
 1098 0164 646F7562 		.ascii	"double\000"
 1098      6C6500
 1099              	.LASF33:
 1100 016b 63796669 		.ascii	"cyfitter_cfg\000"
 1100      74746572 
 1100      5F636667 
 1100      00
 1101              	.LASF14:
 1102 0178 75696E74 		.ascii	"uint16\000"
 1102      313600
 1103              	.LASF15:
 1104 017f 75696E74 		.ascii	"uint32\000"
 1104      333200
 1105              	.LASF0:
 1106 0186 756E7369 		.ascii	"unsigned int\000"
 1106      676E6564 
 1106      20696E74 
 1106      00
 1107              	.LASF26:
 1108 0193 61646472 		.ascii	"address\000"
 1108      65737300 
 1109              	.LASF9:
 1110 019b 6C6F6E67 		.ascii	"long long unsigned int\000"
 1110      206C6F6E 
 1110      6720756E 
 1110      7369676E 
 1110      65642069 
 1111              	.LASF28:
ARM GAS  C:\Users\bnels\AppData\Local\Temp\ccAzcXpe.s 			page 27


 1112 01b2 6366675F 		.ascii	"cfg_memset_t\000"
 1112      6D656D73 
 1112      65745F74 
 1112      00
 1113              	.LASF10:
 1114 01bf 73697A65 		.ascii	"sizetype\000"
 1114      74797065 
 1114      00
 1115              	.LASF1:
 1116 01c8 6C6F6E67 		.ascii	"long long int\000"
 1116      206C6F6E 
 1116      6720696E 
 1116      7400
 1117              	.LASF11:
 1118 01d6 63686172 		.ascii	"char\000"
 1118      00
 1119              	.LASF5:
 1120 01db 73686F72 		.ascii	"short int\000"
 1120      7420696E 
 1120      7400
 1121              	.LASF7:
 1122 01e5 6C6F6E67 		.ascii	"long int\000"
 1122      20696E74 
 1122      00
 1123              	.LASF2:
 1124 01ee 6C6F6E67 		.ascii	"long double\000"
 1124      20646F75 
 1124      626C6500 
 1125              	.LASF3:
 1126 01fa 7369676E 		.ascii	"signed char\000"
 1126      65642063 
 1126      68617200 
 1127              	.LASF31:
 1128 0206 47656E65 		.ascii	"Generated_Source\\PSoC4\\cyfitter_cfg.c\000"
 1128      72617465 
 1128      645F536F 
 1128      75726365 
 1128      5C50536F 
 1129              	.LASF23:
 1130 022c 4359434F 		.ascii	"CYCONFIGCPYCODE\000"
 1130      4E464947 
 1130      43505943 
 1130      4F444500 
 1131              	.LASF21:
 1132 023c 4359434F 		.ascii	"CYCONFIGCPY\000"
 1132      4E464947 
 1132      43505900 
 1133              		.ident	"GCC: (GNU Tools for ARM Embedded Processors) 5.4.1 20160609 (release) [ARM/embedded-5-bran
