Archive member included to satisfy reference by file (symbol)

.\CortexM0\ARM_GCC_541\Debug\UartComm_base.a(UART.o)
                              .\CortexM0\ARM_GCC_541\Debug\main.o (UART_Start)
.\CortexM0\ARM_GCC_541\Debug\UartComm_base.a(UART_SPI_UART.o)
                              .\CortexM0\ARM_GCC_541\Debug\serial.o (UART_SpiUartWriteTxData)
.\CortexM0\ARM_GCC_541\Debug\UartComm_base.a(UART_UART.o)
                              .\CortexM0\ARM_GCC_541\Debug\UartComm_base.a(UART.o) (UART_UartInit)
.\CortexM0\ARM_GCC_541\Debug\UartComm_base.a(CyLib.o)
                              .\CortexM0\ARM_GCC_541\Debug\cyfitter_cfg.o (CySysClkWriteImoFreq)
.\CortexM0\ARM_GCC_541\Debug\UartComm_base.a(CyLFClk.o)
                              .\CortexM0\ARM_GCC_541\Debug\UartComm_base.a(CyLib.o) (CySysClkWcoEnabled)
.\CortexM0\ARM_GCC_541\Debug\UartComm_base.a(LED_ControlReg.o)
                              .\CortexM0\ARM_GCC_541\Debug\serial.o (LED_ControlReg_Write)
.\CortexM0\ARM_GCC_541\Debug\UartComm_base.a(ADC.o)
                              .\CortexM0\ARM_GCC_541\Debug\main.o (ADC_Start)
.\CortexM0\ARM_GCC_541\Debug\UartComm_base.a(ADC_INT.o)
                              .\CortexM0\ARM_GCC_541\Debug\UartComm_base.a(ADC.o) (ADC_ISR)
.\CortexM0\ARM_GCC_541\Debug\UartComm_base.a(TestControlReg.o)
                              .\CortexM0\ARM_GCC_541\Debug\serial.o (TestControlReg_Write)
.\CortexM0\ARM_GCC_541\Debug\UartComm_base.a(CyBootAsmGnu.o)
                              .\CortexM0\ARM_GCC_541\Debug\UartComm_base.a(CyLib.o) (CyDelayCycles)
.\CortexM0\ARM_GCC_541\Debug\UartComm_base.a(CyFlash.o)
                              .\CortexM0\ARM_GCC_541\Debug\UartComm_base.a(CyLib.o) (CySysFlashSetWaitCycles)
c:/program files (x86)/cypress/psoc creator/4.1/psoc creator/import/gnu/arm/5.4.1/bin/../lib/gcc/arm-none-eabi/5.4.1/armv6-m\libgcc.a(_udivsi3.o)
                              .\CortexM0\ARM_GCC_541\Debug\UartComm_base.a(CyLib.o) (__aeabi_uidiv)
c:/program files (x86)/cypress/psoc creator/4.1/psoc creator/import/gnu/arm/5.4.1/bin/../lib/gcc/arm-none-eabi/5.4.1/armv6-m\libgcc.a(_divsi3.o)
                              .\CortexM0\ARM_GCC_541\Debug\UartComm_base.a(CyLFClk.o) (__aeabi_idiv)
c:/program files (x86)/cypress/psoc creator/4.1/psoc creator/import/gnu/arm/5.4.1/bin/../lib/gcc/arm-none-eabi/5.4.1/armv6-m\libgcc.a(_dvmd_tls.o)
                              c:/program files (x86)/cypress/psoc creator/4.1/psoc creator/import/gnu/arm/5.4.1/bin/../lib/gcc/arm-none-eabi/5.4.1/armv6-m\libgcc.a(_udivsi3.o) (__aeabi_idiv0)
c:/program files (x86)/cypress/psoc creator/4.1/psoc creator/import/gnu/arm/5.4.1/bin/../lib/gcc/arm-none-eabi/5.4.1/armv6-m\libgcc.a(_aeabi_ldivmod.o)
                              .\CortexM0\ARM_GCC_541\Debug\UartComm_base.a(ADC.o) (__aeabi_ldivmod)
c:/program files (x86)/cypress/psoc creator/4.1/psoc creator/import/gnu/arm/5.4.1/bin/../lib/gcc/arm-none-eabi/5.4.1/armv6-m\libgcc.a(_muldi3.o)
                              .\CortexM0\ARM_GCC_541\Debug\UartComm_base.a(ADC.o) (__aeabi_lmul)
c:/program files (x86)/cypress/psoc creator/4.1/psoc creator/import/gnu/arm/5.4.1/bin/../lib/gcc/arm-none-eabi/5.4.1/armv6-m\libgcc.a(bpabi.o)
                              c:/program files (x86)/cypress/psoc creator/4.1/psoc creator/import/gnu/arm/5.4.1/bin/../lib/gcc/arm-none-eabi/5.4.1/armv6-m\libgcc.a(_aeabi_ldivmod.o) (__gnu_ldivmod_helper)
c:/program files (x86)/cypress/psoc creator/4.1/psoc creator/import/gnu/arm/5.4.1/bin/../lib/gcc/arm-none-eabi/5.4.1/armv6-m\libgcc.a(divsf3.o)
                              .\CortexM0\ARM_GCC_541\Debug\UartComm_base.a(ADC.o) (__aeabi_fdiv)
c:/program files (x86)/cypress/psoc creator/4.1/psoc creator/import/gnu/arm/5.4.1/bin/../lib/gcc/arm-none-eabi/5.4.1/armv6-m\libgcc.a(mulsf3.o)
                              .\CortexM0\ARM_GCC_541\Debug\UartComm_base.a(ADC.o) (__aeabi_fmul)
c:/program files (x86)/cypress/psoc creator/4.1/psoc creator/import/gnu/arm/5.4.1/bin/../lib/gcc/arm-none-eabi/5.4.1/armv6-m\libgcc.a(floatsisf.o)
                              .\CortexM0\ARM_GCC_541\Debug\UartComm_base.a(ADC.o) (__aeabi_i2f)
c:/program files (x86)/cypress/psoc creator/4.1/psoc creator/import/gnu/arm/5.4.1/bin/../lib/gcc/arm-none-eabi/5.4.1/armv6-m\libgcc.a(_clzsi2.o)
                              c:/program files (x86)/cypress/psoc creator/4.1/psoc creator/import/gnu/arm/5.4.1/bin/../lib/gcc/arm-none-eabi/5.4.1/armv6-m\libgcc.a(divsf3.o) (__clzsi2)
c:/program files (x86)/cypress/psoc creator/4.1/psoc creator/import/gnu/arm/5.4.1/bin/../lib/gcc/arm-none-eabi/5.4.1/armv6-m\libgcc.a(_divdi3.o)
                              c:/program files (x86)/cypress/psoc creator/4.1/psoc creator/import/gnu/arm/5.4.1/bin/../lib/gcc/arm-none-eabi/5.4.1/armv6-m\libgcc.a(bpabi.o) (__divdi3)
c:/program files (x86)/cypress/psoc creator/4.1/psoc creator/import/gnu/arm/5.4.1/bin/../lib/gcc/arm-none-eabi/5.4.1/armv6-m\libgcc.a(_clzdi2.o)
[...]
Memory Configuration

Name             Origin             Length             Attributes
rom              0x00000000         0x00020000         xr
ram              0x20000000         0x00004000         xrw
*default*        0x00000000         0xffffffff

Linker script and memory map

LOAD c:/program files (x86)/cypress/psoc creator/4.1/psoc creator/import/gnu/arm/5.4.1/bin/../lib/gcc/arm-none-eabi/5.4.1/armv6-m/crti.o
LOAD c:/program files (x86)/cypress/psoc creator/4.1/psoc creator/import/gnu/arm/5.4.1/bin/../lib/gcc/arm-none-eabi/5.4.1/armv6-m/crtbegin.o
LOAD c:/program files (x86)/cypress/psoc creator/4.1/psoc creator/import/gnu/arm/5.4.1/bin/../lib/gcc/arm-none-eabi/5.4.1/../../../../arm-none-eabi/lib/armv6-m/crt0.o
START GROUP
LOAD .\CortexM0\ARM_GCC_541\Debug\main.o
LOAD .\CortexM0\ARM_GCC_541\Debug\serial.o
LOAD .\CortexM0\ARM_GCC_541\Debug\cyfitter_cfg.o
LOAD .\CortexM0\ARM_GCC_541\Debug\cymetadata.o
LOAD .\CortexM0\ARM_GCC_541\Debug\Cm0Start.o
LOAD .\CortexM0\ARM_GCC_541\Debug\UartComm_base.a
LOAD C:\Program Files (x86)\Cypress\PSoC Creator\4.1\PSoC Creator\psoc\content\cycomponentlibrary\CyComponentLibrary.cylib\CortexM0\ARM_GCC_541\Debug\CyComponentLibrary.a
END GROUP
START GROUP
LOAD c:/program files (x86)/cypress/psoc creator/4.1/psoc creator/import/gnu/arm/5.4.1/bin/../lib/gcc/arm-none-eabi/5.4.1/armv6-m\libgcc.a
LOAD c:/program files (x86)/cypress/psoc creator/4.1/psoc creator/import/gnu/arm/5.4.1/bin/../lib/gcc/arm-none-eabi/5.4.1/../../../../arm-none-eabi/lib/armv6-m\libg_nano.a
LOAD c:/program files (x86)/cypress/psoc creator/4.1/psoc creator/import/gnu/arm/5.4.1/bin/../lib/gcc/arm-none-eabi/5.4.1/../../../../arm-none-eabi/lib/armv6-m\libc_nano.a
END GROUP
START GROUP
LOAD c:/program files (x86)/cypress/psoc creator/4.1/psoc creator/import/gnu/arm/5.4.1/bin/../lib/gcc/arm-none-eabi/5.4.1/armv6-m\libgcc.a
LOAD c:/program files (x86)/cypress/psoc creator/4.1/psoc creator/import/gnu/arm/5.4.1/bin/../lib/gcc/arm-none-eabi/5.4.1/../../../../arm-none-eabi/lib/armv6-m\libc_nano.a
END GROUP
LOAD c:/program files (x86)/cypress/psoc creator/4.1/psoc creator/import/gnu/arm/5.4.1/bin/../lib/gcc/arm-none-eabi/5.4.1/armv6-m/crtend.o
LOAD c:/program files (x86)/cypress/psoc creator/4.1/psoc creator/import/gnu/arm/5.4.1/bin/../lib/gcc/arm-none-eabi/5.4.1/armv6-m/crtn.o
START GROUP
LOAD c:/program files (x86)/cypress/psoc creator/4.1/psoc creator/import/gnu/arm/5.4.1/bin/../lib/gcc/arm-none-eabi/5.4.1/armv6-m\libgcc.a
LOAD c:/program files (x86)/cypress/psoc creator/4.1/psoc creator/import/gnu/arm/5.4.1/bin/../lib/gcc/arm-none-eabi/5.4.1/../../../../arm-none-eabi/lib/armv6-m\libc.a
LOAD c:/program files (x86)/cypress/psoc creator/4.1/psoc creator/import/gnu/arm/5.4.1/bin/../lib/gcc/arm-none-eabi/5.4.1/../../../../arm-none-eabi/lib/armv6-m\libnosys.a
END GROUP
                0x00000000                CY_APPL_ORIGIN = 0x0
                0x00000080                CY_FLASH_ROW_SIZE = 0x80
                0x00000001                CY_APPL_NUM = 0x1
                0x00000001                CY_APPL_MAX = 0x1
                0x00000040                CY_METADATA_SIZE = 0x40
                0x00000000                CY_APPL_LOADABLE = 0x0
                0x00000000                CY_CHECKSUM_EXCLUDE_SIZE = ALIGN (0x0, CY_FLASH_ROW_SIZE)
                0x00000000                CY_APP_FOR_STACK_AND_COPIER = 0x0
                [!provide]                PROVIDE (__cy_heap_start, _end)
                0x00000001                PROVIDE (__cy_region_num, ((__cy_regions_end - __cy_regions) / 0x10))
                0x20004000                PROVIDE (__cy_stack, (ORIGIN (ram) + LENGTH (ram)))
                [!provide]                PROVIDE (__cy_heap_end, (__cy_stack - 0x400))

.cybootloader   0x00000000        0x0
 *(.cybootloader)
                0x00000000                appl1_start = CY_APPL_ORIGIN?CY_APPL_ORIGIN:ALIGN (CY_FLASH_ROW_SIZE)
                0x0000ff80                appl2_start = (appl1_start + ALIGN ((((LENGTH (rom) - appl1_start) - (0x2 * CY_FLASH_ROW_SIZE)) / 0x2), CY_FLASH_ROW_SIZE))
                0x00000000                appl_start = (CY_APPL_NUM == 0x1)?appl1_start:appl2_start
                0x00000001                cy_project_type_bootloader = (appl_start == 0x0)?0x1:0x0
                0x00000000                cy_project_type_app_for_stack_and_copier = (CY_APP_FOR_STACK_AND_COPIER == 0x1)?0x1:0x0

.text           0x00000000     0x1ac6
 CREATE_OBJECT_SYMBOLS
                0x00000000                PROVIDE (__cy_interrupt_vector, RomVectors)
 *(.romvectors)
 .romvectors    0x00000000       0x10 .\CortexM0\ARM_GCC_541\Debug\Cm0Start.o
                0x00000000                RomVectors
                0x00000001                ASSERT ((. != __cy_interrupt_vector), No interrupt vector)
                0x00000001                ASSERT (CY_APPL_ORIGIN?(SIZEOF (.cybootloader) <= CY_APPL_ORIGIN):0x1, Wrong image location)
                0x00000010                PROVIDE (__cy_reset, Reset)
 *(.text.Reset)
 .text.Reset    0x00000010        0x8 .\CortexM0\ARM_GCC_541\Debug\Cm0Start.o
                0x00000010                Reset
                0x00000001                ASSERT ((. != __cy_reset), No reset code)
 *(.psocinit)
 .psocinit      0x00000018      0x234 .\CortexM0\ARM_GCC_541\Debug\cyfitter_cfg.o
                0x000000ac                cyfitter_cfg
                0x0000024c                . = MAX (., 0x100)
 *(.text .text.* .gnu.linkonce.t.*)
 .text          0x0000024c       0x60 c:/program files (x86)/cypress/psoc creator/4.1/psoc creator/import/gnu/arm/5.4.1/bin/../lib/gcc/arm-none-eabi/5.4.1/armv6-m/crtbegin.o
 .text.main     0x000002ac       0x20 .\CortexM0\ARM_GCC_541\Debug\main.o
                0x000002ac                main
 .text.setup    0x000002cc       0x4c .\CortexM0\ARM_GCC_541\Debug\main.o
                0x000002cc                setup
 .text.ups      0x00000318       0x18 .\CortexM0\ARM_GCC_541\Debug\serial.o
                0x00000318                ups
 .text.UART_GetInput
                0x00000330       0xf0 .\CortexM0\ARM_GCC_541\Debug\serial.o
                0x00000330                UART_GetInput
 .text.parse_command
                0x00000420       0xbc .\CortexM0\ARM_GCC_541\Debug\serial.o
                0x00000420                parse_command
 .text.CYMEMZERO
                0x000004dc       0x20 .\CortexM0\ARM_GCC_541\Debug\cyfitter_cfg.o
 .text.cfg_write_bytes32
                0x000004fc       0x84 .\CortexM0\ARM_GCC_541\Debug\cyfitter_cfg.o
 .text.AnalogSetDefault
                0x00000580       0x4c .\CortexM0\ARM_GCC_541\Debug\cyfitter_cfg.o
 .text.IntDefaultHandler
                0x000005cc       0x14 .\CortexM0\ARM_GCC_541\Debug\Cm0Start.o
                0x000005cc                IntDefaultHandler
 .text._sbrk    0x000005e0       0x54 .\CortexM0\ARM_GCC_541\Debug\Cm0Start.o
                0x000005e0                _sbrk
 .text.Start_c  0x00000634       0x98 .\CortexM0\ARM_GCC_541\Debug\Cm0Start.o
                0x00000634                Start_c
 .text.initialize_psoc
                0x000006cc       0x70 .\CortexM0\ARM_GCC_541\Debug\Cm0Start.o
                0x000006cc                initialize_psoc
 .text.UART_Init
                0x0000073c       0x10 .\CortexM0\ARM_GCC_541\Debug\UartComm_base.a(UART.o)
                0x0000073c                UART_Init
 .text.UART_Enable
                0x0000074c       0x24 .\CortexM0\ARM_GCC_541\Debug\UartComm_base.a(UART.o)
                0x0000074c                UART_Enable
 .text.UART_Start
                0x00000770       0x24 .\CortexM0\ARM_GCC_541\Debug\UartComm_base.a(UART.o)
                0x00000770                UART_Start
 .text.UART_ScbEnableIntr
                0x00000794        0xc .\CortexM0\ARM_GCC_541\Debug\UartComm_base.a(UART.o)
 .text.UART_ScbModePostEnable
                0x000007a0       0x10 .\CortexM0\ARM_GCC_541\Debug\UartComm_base.a(UART.o)
 .text.UART_SpiUartReadRxData
                0x000007b0       0x20 .\CortexM0\ARM_GCC_541\Debug\UartComm_base.a(UART_SPI_UART.o)
                0x000007b0                UART_SpiUartReadRxData
 .text.UART_SpiUartGetRxBufferSize
                0x000007d0       0x20 .\CortexM0\ARM_GCC_541\Debug\UartComm_base.a(UART_SPI_UART.o)
                0x000007d0                UART_SpiUartGetRxBufferSize
 .text.UART_SpiUartWriteTxData
                0x000007f0       0x2c .\CortexM0\ARM_GCC_541\Debug\UartComm_base.a(UART_SPI_UART.o)
                0x000007f0                UART_SpiUartWriteTxData
 .text.UART_UartInit
                0x0000081c       0xc0 .\CortexM0\ARM_GCC_541\Debug\UartComm_base.a(UART_UART.o)
                0x0000081c                UART_UartInit
 .text.UART_UartPostEnable
                0x000008dc       0x30 .\CortexM0\ARM_GCC_541\Debug\UartComm_base.a(UART_UART.o)
                0x000008dc                UART_UartPostEnable
 .text.UART_UartGetChar
                0x0000090c       0x40 .\CortexM0\ARM_GCC_541\Debug\UartComm_base.a(UART_UART.o)
                0x0000090c                UART_UartGetChar
 .text.UART_UartPutString
                0x0000094c       0x38 .\CortexM0\ARM_GCC_541\Debug\UartComm_base.a(UART_UART.o)
                0x0000094c                UART_UartPutString
 .text.CySysClkImoEnableWcoLock
                0x00000984      0x144 .\CortexM0\ARM_GCC_541\Debug\UartComm_base.a(CyLib.o)
                0x00000984                CySysClkImoEnableWcoLock
 .text.CySysClkImoDisableWcoLock
                0x00000ac8       0x20 .\CortexM0\ARM_GCC_541\Debug\UartComm_base.a(CyLib.o)
                0x00000ac8                CySysClkImoDisableWcoLock
 .text.CySysClkImoGetWcoLock
                0x00000ae8       0x20 .\CortexM0\ARM_GCC_541\Debug\UartComm_base.a(CyLib.o)
                0x00000ae8                CySysClkImoGetWcoLock
 .text.CySysClkWriteImoFreq
                0x00000b08       0xb8 .\CortexM0\ARM_GCC_541\Debug\UartComm_base.a(CyLib.o)
                0x00000b08                CySysClkWriteImoFreq
 .text.CyIntSetVector
                0x00000bc0       0x4c .\CortexM0\ARM_GCC_541\Debug\UartComm_base.a(CyLib.o)
                0x00000bc0                CyIntSetVector
 .text.CyIntSetPriority
                0x00000c0c       0xa8 .\CortexM0\ARM_GCC_541\Debug\UartComm_base.a(CyLib.o)
                0x00000c0c                CyIntSetPriority
 .text.CyHalt   0x00000cb4       0x18 .\CortexM0\ARM_GCC_541\Debug\UartComm_base.a(CyLib.o)
                0x00000cb4                CyHalt
 .text.CyDelay  0x00000ccc       0x4c .\CortexM0\ARM_GCC_541\Debug\UartComm_base.a(CyLib.o)
                0x00000ccc                CyDelay
 .text.CyDelayUs
                0x00000d18       0x28 .\CortexM0\ARM_GCC_541\Debug\UartComm_base.a(CyLib.o)
                0x00000d18                CyDelayUs
 .text.CySysClkWcoEnabled
                0x00000d40       0x1c .\CortexM0\ARM_GCC_541\Debug\UartComm_base.a(CyLFClk.o)
                0x00000d40                CySysClkWcoEnabled
 .text.LED_ControlReg_Write
                0x00000d5c       0x20 .\CortexM0\ARM_GCC_541\Debug\UartComm_base.a(LED_ControlReg.o)
                0x00000d5c                LED_ControlReg_Write
 .text.ADC_Start
                0x00000d7c       0x24 .\CortexM0\ARM_GCC_541\Debug\UartComm_base.a(ADC.o)
                0x00000d7c                ADC_Start
 .text.ADC_Init
                0x00000da0      0x1c4 .\CortexM0\ARM_GCC_541\Debug\UartComm_base.a(ADC.o)
                0x00000da0                ADC_Init
 .text.ADC_Enable
                0x00000f64       0x38 .\CortexM0\ARM_GCC_541\Debug\UartComm_base.a(ADC.o)
                0x00000f64                ADC_Enable
 .text.ADC_StartConvert
                0x00000f9c       0x1c .\CortexM0\ARM_GCC_541\Debug\UartComm_base.a(ADC.o)
                0x00000f9c                ADC_StartConvert
 .text.ADC_GetResult16
                0x00000fb8       0x44 .\CortexM0\ARM_GCC_541\Debug\UartComm_base.a(ADC.o)
                0x00000fb8                ADC_GetResult16
 .text.ADC_ISR  0x00000ffc       0x20 .\CortexM0\ARM_GCC_541\Debug\UartComm_base.a(ADC_INT.o)
                0x00000ffc                ADC_ISR
 .text.TestControlReg_Write
                0x0000101c       0x20 .\CortexM0\ARM_GCC_541\Debug\UartComm_base.a(TestControlReg.o)
                0x0000101c                TestControlReg_Write
 *fill*         0x0000103c        0x4 
 .text          0x00001040       0x20 .\CortexM0\ARM_GCC_541\Debug\UartComm_base.a(CyBootAsmGnu.o)
                0x00001040                CyDelayCycles
                0x00001052                CyEnterCriticalSection
                0x0000105a                CyExitCriticalSection
 .text.CySysFlashSetWaitCycles
                0x00001060       0x78 .\CortexM0\ARM_GCC_541\Debug\UartComm_base.a(CyFlash.o)
                0x00001060                CySysFlashSetWaitCycles
 .text          0x000010d8      0x114 c:/program files (x86)/cypress/psoc creator/4.1/psoc creator/import/gnu/arm/5.4.1/bin/../lib/gcc/arm-none-eabi/5.4.1/armv6-m\libgcc.a(_udivsi3.o)
                0x000010d8                __aeabi_uidiv
                0x000010d8                __udivsi3
                0x000011e4                __aeabi_uidivmod
 .text          0x000011ec        0x4 c:/program files (x86)/cypress/psoc creator/4.1/psoc creator/import/gnu/arm/5.4.1/bin/../lib/gcc/arm-none-eabi/5.4.1/armv6-m\libgcc.a(_dvmd_tls.o)
                0x000011ec                __aeabi_idiv0
                0x000011ec                __aeabi_ldiv0
 .text.__errno  0x000011f0        0xc c:/program files (x86)/cypress/psoc creator/4.1/psoc creator/import/gnu/arm/5.4.1/bin/../lib/gcc/arm-none-eabi/5.4.1/../../../../arm-none-eabi/lib/armv6-m\libg_nano.a(lib_a-errno.o)
                0x000011f0                __errno
 .text.__libc_init_array
                0x000011fc       0x4c c:/program files (x86)/cypress/psoc creator/4.1/psoc creator/import/gnu/arm/5.4.1/bin/../lib/gcc/arm-none-eabi/5.4.1/../../../../arm-none-eabi/lib/armv6-m\libg_nano.a(lib_a-init.o)
                0x000011fc                __libc_init_array
 .text.memcpy   0x00001248       0x12 c:/program files (x86)/cypress/psoc creator/4.1/psoc creator/import/gnu/arm/5.4.1/bin/../lib/gcc/arm-none-eabi/5.4.1/../../../../arm-none-eabi/lib/armv6-m\libg_nano.a(lib_a-memcpy-stub.o)
                0x00001248                memcpy
 .text.memset   0x0000125a       0x10 c:/program files (x86)/cypress/psoc creator/4.1/psoc creator/import/gnu/arm/5.4.1/bin/../lib/gcc/arm-none-eabi/5.4.1/../../../../arm-none-eabi/lib/armv6-m\libg_nano.a(lib_a-memset.o)
                0x0000125a                memset
 *fill*         0x0000126a        0x2 
 .text.sprintf  0x0000126c       0x44 c:/program files (x86)/cypress/psoc creator/4.1/psoc creator/import/gnu/arm/5.4.1/bin/../lib/gcc/arm-none-eabi/5.4.1/../../../../arm-none-eabi/lib/armv6-m\libg_nano.a(lib_a-sprintf.o)
                0x0000126c                siprintf
                0x0000126c                sprintf
 .text          0x000012b0       0x14 c:/program files (x86)/cypress/psoc creator/4.1/psoc creator/import/gnu/arm/5.4.1/bin/../lib/gcc/arm-none-eabi/5.4.1/../../../../arm-none-eabi/lib/armv6-m\libg_nano.a(lib_a-strcmp.o)
                0x000012b0                strcmp
 .text.__ssputs_r
                0x000012c4       0xc4 c:/program files (x86)/cypress/psoc creator/4.1/psoc creator/import/gnu/arm/5.4.1/bin/../lib/gcc/arm-none-eabi/5.4.1/../../../../arm-none-eabi/lib/armv6-m\libg_nano.a(lib_a-nano-svfprintf.o)
                0x000012c4                __ssputs_r
 .text._svfprintf_r
                0x00001388      0x1fc c:/program files (x86)/cypress/psoc creator/4.1/psoc creator/import/gnu/arm/5.4.1/bin/../lib/gcc/arm-none-eabi/5.4.1/../../../../arm-none-eabi/lib/armv6-m\libg_nano.a(lib_a-nano-svfprintf.o)
                0x00001388                _svfiprintf_r
                0x00001388                _svfprintf_r
 .text._printf_common
                0x00001584       0xdc c:/program files (x86)/cypress/psoc creator/4.1/psoc creator/import/gnu/arm/5.4.1/bin/../lib/gcc/arm-none-eabi/5.4.1/../../../../arm-none-eabi/lib/armv6-m\libg_nano.a(lib_a-nano-vfprintf_i.o)
                0x00001584                _printf_common
 .text._printf_i
                0x00001660      0x244 c:/program files (x86)/cypress/psoc creator/4.1/psoc creator/import/gnu/arm/5.4.1/bin/../lib/gcc/arm-none-eabi/5.4.1/../../../../arm-none-eabi/lib/armv6-m\libg_nano.a(lib_a-nano-vfprintf_i.o)
                0x00001660                _printf_i
 .text.memchr   0x000018a4       0x16 c:/program files (x86)/cypress/psoc creator/4.1/psoc creator/import/gnu/arm/5.4.1/bin/../lib/gcc/arm-none-eabi/5.4.1/../../../../arm-none-eabi/lib/armv6-m\libg_nano.a(lib_a-memchr-stub.o)
                0x000018a4                memchr
 .text.memmove  0x000018ba       0x2a c:/program files (x86)/cypress/psoc creator/4.1/psoc creator/import/gnu/arm/5.4.1/bin/../lib/gcc/arm-none-eabi/5.4.1/../../../../arm-none-eabi/lib/armv6-m\libg_nano.a(lib_a-memmove.o)
                0x000018ba                memmove
 .text._free_r  0x000018e4       0x98 c:/program files (x86)/cypress/psoc creator/4.1/psoc creator/import/gnu/arm/5.4.1/bin/../lib/gcc/arm-none-eabi/5.4.1/../../../../arm-none-eabi/lib/armv6-m\libg_nano.a(lib_a-nano-freer.o)
                0x000018e4                _free_r
 .text._malloc_r
                0x0000197c       0xc0 c:/program files (x86)/cypress/psoc creator/4.1/psoc creator/import/gnu/arm/5.4.1/bin/../lib/gcc/arm-none-eabi/5.4.1/../../../../arm-none-eabi/lib/armv6-m\libg_nano.a(lib_a-nano-mallocr.o)
                0x0000197c                _malloc_r
 .text._realloc_r
                0x00001a3c       0x4c c:/program files (x86)/cypress/psoc creator/4.1/psoc creator/import/gnu/arm/5.4.1/bin/../lib/gcc/arm-none-eabi/5.4.1/../../../../arm-none-eabi/lib/armv6-m\libg_nano.a(lib_a-nano-reallocr.o)
                0x00001a3c                _realloc_r
 .text._sbrk_r  0x00001a88       0x24 c:/program files (x86)/cypress/psoc creator/4.1/psoc creator/import/gnu/arm/5.4.1/bin/../lib/gcc/arm-none-eabi/5.4.1/../../../../arm-none-eabi/lib/armv6-m\libg_nano.a(lib_a-sbrkr.o)
                0x00001a88                _sbrk_r
 .text.__malloc_lock
                0x00001aac        0x2 c:/program files (x86)/cypress/psoc creator/4.1/psoc creator/import/gnu/arm/5.4.1/bin/../lib/gcc/arm-none-eabi/5.4.1/../../../../arm-none-eabi/lib/armv6-m\libg_nano.a(lib_a-mlock.o)
                0x00001aac                __malloc_lock
 .text.__malloc_unlock
                0x00001aae        0x2 c:/program files (x86)/cypress/psoc creator/4.1/psoc creator/import/gnu/arm/5.4.1/bin/../lib/gcc/arm-none-eabi/5.4.1/../../../../arm-none-eabi/lib/armv6-m\libg_nano.a(lib_a-mlock.o)
                0x00001aae                __malloc_unlock
 .text._malloc_usable_size_r
                0x00001ab0       0x16 c:/program files (x86)/cypress/psoc creator/4.1/psoc creator/import/gnu/arm/5.4.1/bin/../lib/gcc/arm-none-eabi/5.4.1/../../../../arm-none-eabi/lib/armv6-m\libg_nano.a(lib_a-nano-msizer.o)
                0x00001ab0                _malloc_usable_size_r
 *(.plt)
 *(.gnu.warning)
 *(.glue_7t)
 .glue_7t       0x00001ac6        0x0 linker stubs
 *(.glue_7)
 .glue_7        0x00001ac6        0x0 linker stubs
 *(.vfp11_veneer)
 .vfp11_veneer  0x00001ac6        0x0 linker stubs
 *(.bootloader)
 *(.ARM.extab* .gnu.linkonce.armextab.*)
 *(.gcc_except_table)

.v4_bx          0x00001ac8        0x0
 .v4_bx         0x00001ac8        0x0 linker stubs

.iplt           0x00001ac8        0x0
 .iplt          0x00001ac8        0x0 c:/program files (x86)/cypress/psoc creator/4.1/psoc creator/import/gnu/arm/5.4.1/bin/../lib/gcc/arm-none-eabi/5.4.1/armv6-m/crtbegin.o

.eh_frame_hdr
 *(.eh_frame_hdr)

.eh_frame       0x00001ac8        0x4
 *(.eh_frame)
 .eh_frame      0x00001ac8        0x0 c:/program files (x86)/cypress/psoc creator/4.1/psoc creator/import/gnu/arm/5.4.1/bin/../lib/gcc/arm-none-eabi/5.4.1/armv6-m/crtbegin.o
 .eh_frame      0x00001ac8        0x4 c:/program files (x86)/cypress/psoc creator/4.1/psoc creator/import/gnu/arm/5.4.1/bin/../lib/gcc/arm-none-eabi/5.4.1/armv6-m/crtend.o
                [!provide]                PROVIDE (__exidx_start, .)

.ARM.exidx
 *(.ARM.exidx* .gnu.linkonce.armexidx.*)
                0x00001acc                __exidx_end = .

.rodata         0x00001acc      0x1d4
 *(.rodata .rodata.* .gnu.linkonce.r.*)
 .rodata        0x00001acc       0x6b .\CortexM0\ARM_GCC_541\Debug\main.o
 *fill*         0x00001b37        0x1 
 .rodata        0x00001b38       0x6f .\CortexM0\ARM_GCC_541\Debug\serial.o
 *fill*         0x00001ba7        0x1 
 .rodata        0x00001ba8       0x42 .\CortexM0\ARM_GCC_541\Debug\cyfitter_cfg.o
 *fill*         0x00001bea        0x2 
 .rodata        0x00001bec       0x47 .\CortexM0\ARM_GCC_541\Debug\UartComm_base.a(CyLib.o)
                0x00001bec                cyImoFreqMhz2Reg
                0x00001c1c                cyImoFreqMhz2DpllOffset
 .rodata.str1.1
                0x00001c33        0x2 c:/program files (x86)/cypress/psoc creator/4.1/psoc creator/import/gnu/arm/5.4.1/bin/../lib/gcc/arm-none-eabi/5.4.1/../../../../arm-none-eabi/lib/armv6-m\libg_nano.a(lib_a-impure.o)
 .rodata.str1.1
                0x00001c35       0x11 c:/program files (x86)/cypress/psoc creator/4.1/psoc creator/import/gnu/arm/5.4.1/bin/../lib/gcc/arm-none-eabi/5.4.1/../../../../arm-none-eabi/lib/armv6-m\libg_nano.a(lib_a-nano-svfprintf.o)
 .rodata.str1.1
                0x00001c46       0x22 c:/program files (x86)/cypress/psoc creator/4.1/psoc creator/import/gnu/arm/5.4.1/bin/../lib/gcc/arm-none-eabi/5.4.1/../../../../arm-none-eabi/lib/armv6-m\libg_nano.a(lib_a-nano-vfprintf_i.o)
                0x00001c68                . = ALIGN (0x4)
 *(.init)
 .init          0x00001c68        0x4 c:/program files (x86)/cypress/psoc creator/4.1/psoc creator/import/gnu/arm/5.4.1/bin/../lib/gcc/arm-none-eabi/5.4.1/armv6-m/crti.o
                0x00001c68                _init
 .init          0x00001c6c        0x8 c:/program files (x86)/cypress/psoc creator/4.1/psoc creator/import/gnu/arm/5.4.1/bin/../lib/gcc/arm-none-eabi/5.4.1/armv6-m/crtn.o
                0x00001c74                . = ALIGN (0x4)
                0x00001c74                __preinit_array_start = .
 *(.preinit_array)
                0x00001c74                __preinit_array_end = .
                0x00001c74                . = ALIGN (0x4)
                0x00001c74                __init_array_start = .
 *(SORT(.init_array.*))
 *(.init_array)
 .init_array    0x00001c74        0x4 c:/program files (x86)/cypress/psoc creator/4.1/psoc creator/import/gnu/arm/5.4.1/bin/../lib/gcc/arm-none-eabi/5.4.1/armv6-m/crtbegin.o
 .init_array    0x00001c78        0x4 .\CortexM0\ARM_GCC_541\Debug\Cm0Start.o
                0x00001c7c                __init_array_end = .
                0x00001c7c                . = ALIGN (0x4)
 *(.fini)
 .fini          0x00001c7c        0x4 c:/program files (x86)/cypress/psoc creator/4.1/psoc creator/import/gnu/arm/5.4.1/bin/../lib/gcc/arm-none-eabi/5.4.1/armv6-m/crti.o
                0x00001c7c                _fini
 .fini          0x00001c80        0x8 c:/program files (x86)/cypress/psoc creator/4.1/psoc creator/import/gnu/arm/5.4.1/bin/../lib/gcc/arm-none-eabi/5.4.1/armv6-m/crtn.o
                0x00001c88                . = ALIGN (0x4)
                0x00001c88                __fini_array_start = .
 *(.fini_array)
 .fini_array    0x00001c88        0x4 c:/program files (x86)/cypress/psoc creator/4.1/psoc creator/import/gnu/arm/5.4.1/bin/../lib/gcc/arm-none-eabi/5.4.1/armv6-m/crtbegin.o
 *(SORT(.fini_array.*))
                0x00001c8c                __fini_array_end = .
                0x00001c8c                . = ALIGN (0x4)
 *crtbegin.o(.ctors)
 *(EXCLUDE_FILE(*crtend.o) .ctors)
 *(SORT(.ctors.*))
 *crtend.o(.ctors)
                0x00001c8c                . = ALIGN (0x4)
 *crtbegin.o(.dtors)
 *(EXCLUDE_FILE(*crtend.o) .dtors)
 *(SORT(.dtors.*))
 *crtend.o(.dtors)
                0x00001c8c                . = ALIGN (0x4)
                0x00001c8c                __cy_regions = .
                0x00001c8c        0x4 LONG 0x1ca0 __cy_region_init_ram
                0x00001c90        0x4 LONG 0x200000c8 __cy_region_start_data
                0x00001c94        0x4 LONG 0x80 __cy_region_init_size_ram
                0x00001c98        0x4 LONG 0x40 __cy_region_zero_size_ram
                0x00001c9c                __cy_regions_end = .
                0x00001ca0                . = ALIGN (0x8)
 *fill*         0x00001c9c        0x4 
                0x00001ca0                _etext = .

.cy_checksum_exclude
                0x00001ca0        0x0
 *(.cy_checksum_exclude)

.ramvectors     0x20000000       0xc0
                0x20000000                __cy_region_start_ram = .
 *(.ramvectors)
 .ramvectors    0x20000000       0xc0 .\CortexM0\ARM_GCC_541\Debug\Cm0Start.o
                0x20000000                CyRamVectors

.noinit         0x200000c0        0x4
 *(.noinit)
 .noinit        0x200000c0        0x4 .\CortexM0\ARM_GCC_541\Debug\Cm0Start.o

.data           0x200000c8       0x80 load address 0x00001ca0
                0x200000c8                __cy_region_start_data = .
 *(.jcr)
 .jcr           0x200000c8        0x0 c:/program files (x86)/cypress/psoc creator/4.1/psoc creator/import/gnu/arm/5.4.1/bin/../lib/gcc/arm-none-eabi/5.4.1/armv6-m/crtbegin.o
 .jcr           0x200000c8        0x4 c:/program files (x86)/cypress/psoc creator/4.1/psoc creator/import/gnu/arm/5.4.1/bin/../lib/gcc/arm-none-eabi/5.4.1/armv6-m/crtend.o
 *(.got.plt)
 *(.got)
 *(.shdata)
 *(.data .data.* .gnu.linkonce.d.*)
 .data          0x200000cc        0x4 .\CortexM0\ARM_GCC_541\Debug\Cm0Start.o
 .data          0x200000d0       0x14 .\CortexM0\ARM_GCC_541\Debug\UartComm_base.a(CyLib.o)
                0x200000d0                cydelayFreqHz
                0x200000d4                cydelayFreqKhz
                0x200000d8                cydelayFreqMhz
                0x200000dc                cydelay32kMs
                0x200000e0                CySysClkPumpConfig
 .data.impure_data
                0x200000e4       0x60 c:/program files (x86)/cypress/psoc creator/4.1/psoc creator/import/gnu/arm/5.4.1/bin/../lib/gcc/arm-none-eabi/5.4.1/../../../../arm-none-eabi/lib/armv6-m\libg_nano.a(lib_a-impure.o)
 .data._impure_ptr
                0x20000144        0x4 c:/program files (x86)/cypress/psoc creator/4.1/psoc creator/import/gnu/arm/5.4.1/bin/../lib/gcc/arm-none-eabi/5.4.1/../../../../arm-none-eabi/lib/armv6-m\libg_nano.a(lib_a-impure.o)
                0x20000144                _impure_ptr
                0x20000148                . = ALIGN (0x8)
 *(.ram)
                0x20000148                _edata = .

.igot.plt       0x20000148        0x0 load address 0x00001d20
 .igot.plt      0x20000148        0x0 c:/program files (x86)/cypress/psoc creator/4.1/psoc creator/import/gnu/arm/5.4.1/bin/../lib/gcc/arm-none-eabi/5.4.1/armv6-m/crtbegin.o

.bss            0x20000148       0x40 load address 0x00001d20
                0x20000148                PROVIDE (__bss_start__, .)
 *(.shbss)
 *(.bss .bss.* .gnu.linkonce.b.*)
 .bss           0x20000148       0x1c c:/program files (x86)/cypress/psoc creator/4.1/psoc creator/import/gnu/arm/5.4.1/bin/../lib/gcc/arm-none-eabi/5.4.1/armv6-m/crtbegin.o
 .bss           0x20000164        0x4 .\CortexM0\ARM_GCC_541\Debug\main.o
                0x20000164                LED_state
                0x20000166                ADC_result
 .bss           0x20000168        0x4 .\CortexM0\ARM_GCC_541\Debug\UartComm_base.a(UART.o)
                0x20000168                UART_initVar
                0x2000016a                UART_IntrTxMask
 .bss           0x2000016c        0x1 .\CortexM0\ARM_GCC_541\Debug\UartComm_base.a(ADC.o)
                0x2000016c                ADC_initVar
 *fill*         0x2000016d        0x3 
 .bss.__malloc_sbrk_start
                0x20000170        0x4 c:/program files (x86)/cypress/psoc creator/4.1/psoc creator/import/gnu/arm/5.4.1/bin/../lib/gcc/arm-none-eabi/5.4.1/../../../../arm-none-eabi/lib/armv6-m\libg_nano.a(lib_a-nano-mallocr.o)
                0x20000170                __malloc_sbrk_start
 .bss.__malloc_free_list
                0x20000174        0x4 c:/program files (x86)/cypress/psoc creator/4.1/psoc creator/import/gnu/arm/5.4.1/bin/../lib/gcc/arm-none-eabi/5.4.1/../../../../arm-none-eabi/lib/armv6-m\libg_nano.a(lib_a-nano-mallocr.o)
                0x20000174                __malloc_free_list
 *(COMMON)
 COMMON         0x20000178        0x6 .\CortexM0\ARM_GCC_541\Debug\UartComm_base.a(ADC.o)
                0x20000178                ADC_countsPer10Volt
                0x2000017c                ADC_offset
 *fill*         0x2000017e        0x2 
 COMMON         0x20000180        0x4 c:/program files (x86)/cypress/psoc creator/4.1/psoc creator/import/gnu/arm/5.4.1/bin/../lib/gcc/arm-none-eabi/5.4.1/../../../../arm-none-eabi/lib/armv6-m\libg_nano.a(lib_a-reent.o)
                0x20000180                errno
                0x20000188                . = ALIGN (0x8)
 *fill*         0x20000184        0x4 
 *(.ram.b)
                0x20000188                _end = .
                0x20000188                __end = .
                0x20000188                PROVIDE (end, .)
                0x20000188                PROVIDE (__bss_end__, .)
                0x00001ca0                __cy_region_init_ram = LOADADDR (.data)
                0x00000080                __cy_region_init_size_ram = (_edata - ADDR (.data))
                0x00000040                __cy_region_zero_size_ram = (_end - _edata)

.heap           0x20000188      0x100 load address 0x00001d20
                0x20000188                . = _end
                0x20000288                . = (. + 0x100)
 *fill*         0x20000188      0x100 
                0x20000288                __cy_heap_limit = .

.stack          0x20003c00      0x400
                0x20003c00                __cy_stack_limit = .
                0x20004000                . = (. + 0x400)
 *fill*         0x20003c00      0x400 
                0x00000001                ASSERT ((__cy_stack_limit >= __cy_heap_limit), region RAM overflowed with stack)
                0x00000000                cy_checksum_exclude_size = (CY_APPL_LOADABLE == 0x1)?SIZEOF (.cy_checksum_exclude):0x0
                0x00000001                ASSERT ((cy_checksum_exclude_size <= CY_CHECKSUM_EXCLUDE_SIZE), CY_BOOT: Section .cy_checksum_exclude size exceedes specified limit.)
                0x0001ffc0                cyloadermeta_start = (cy_project_type_bootloader || cy_project_type_app_for_stack_and_copier)?(LENGTH (rom) - CY_METADATA_SIZE):0xf0000000

.cyloadermeta
 *(.cyloadermeta)
                0x0001ffc0                cyloadablemeta_start = cy_project_type_app_for_stack_and_copier?((LENGTH (rom) - CY_FLASH_ROW_SIZE) - CY_METADATA_SIZE):((LENGTH (rom) - (CY_FLASH_ROW_SIZE * (CY_APPL_NUM - 0x1))) - CY_METADATA_SIZE)

.cyloadablemeta
 *(.cyloadablemeta)

.cyflashprotect
                0x90400000       0x80
 *(.cyflashprotect)
 .cyflashprotect
                0x90400000       0x80 .\CortexM0\ARM_GCC_541\Debug\cymetadata.o
                0x90400000                cy_meta_flashprotect

.cymeta         0x90500000        0xc
 *(.cymeta)
 .cymeta        0x90500000        0xc .\CortexM0\ARM_GCC_541\Debug\cymetadata.o
                0x90500000                cy_metadata

.cychipprotect  0x90600000        0x1
 *(.cychipprotect)
 .cychipprotect
                0x90600000        0x1 .\CortexM0\ARM_GCC_541\Debug\cymetadata.o
                0x90600000                cy_meta_chipprotect

.rel.dyn        0x00001d20        0x0 load address 0x90600004
 .rel.iplt      0x00001d20        0x0 c:/program files (x86)/cypress/psoc creator/4.1/psoc creator/import/gnu/arm/5.4.1/bin/../lib/gcc/arm-none-eabi/5.4.1/armv6-m/crtbegin.o

.stab
 *(.stab)

.stabstr
 *(.stabstr)

.debug
 *(.debug)

.line
 *(.line)

.debug_srcinfo
 *(.debug_srcinfo)

.debug_sfnames
 *(.debug_sfnames)

.debug_aranges  0x00000000      0x728
 *(.debug_aranges)
 .debug_aranges
                0x00000000       0x28 .\CortexM0\ARM_GCC_541\Debug\main.o
 .debug_aranges
                0x00000028       0x38 .\CortexM0\ARM_GCC_541\Debug\serial.o
 .debug_aranges
                0x00000060       0x50 .\CortexM0\ARM_GCC_541\Debug\cyfitter_cfg.o
 .debug_aranges
                0x000000b0       0x18 .\CortexM0\ARM_GCC_541\Debug\cymetadata.o
 .debug_aranges
                0x000000c8       0x48 .\CortexM0\ARM_GCC_541\Debug\Cm0Start.o
 .debug_aranges
                0x00000110       0x60 .\CortexM0\ARM_GCC_541\Debug\UartComm_base.a(UART.o)
 .debug_aranges
                0x00000170       0x60 .\CortexM0\ARM_GCC_541\Debug\UartComm_base.a(UART_SPI_UART.o)
 .debug_aranges
                0x000001d0       0x88 .\CortexM0\ARM_GCC_541\Debug\UartComm_base.a(UART_UART.o)
 .debug_aranges
                0x00000258      0x1c8 .\CortexM0\ARM_GCC_541\Debug\UartComm_base.a(CyLib.o)
 .debug_aranges
                0x00000420      0x190 .\CortexM0\ARM_GCC_541\Debug\UartComm_base.a(CyLFClk.o)
 .debug_aranges
                0x000005b0       0x28 .\CortexM0\ARM_GCC_541\Debug\UartComm_base.a(LED_ControlReg.o)
 .debug_aranges
                0x000005d8       0xa8 .\CortexM0\ARM_GCC_541\Debug\UartComm_base.a(ADC.o)
 .debug_aranges
                0x00000680       0x20 .\CortexM0\ARM_GCC_541\Debug\UartComm_base.a(ADC_INT.o)
 .debug_aranges
                0x000006a0       0x28 .\CortexM0\ARM_GCC_541\Debug\UartComm_base.a(TestControlReg.o)
 .debug_aranges
                0x000006c8       0x20 .\CortexM0\ARM_GCC_541\Debug\UartComm_base.a(CyBootAsmGnu.o)
 .debug_aranges
                0x000006e8       0x40 .\CortexM0\ARM_GCC_541\Debug\UartComm_base.a(CyFlash.o)

.debug_pubnames
 *(.debug_pubnames)

.debug_info     0x00000000     0x307c
 *(.debug_info .gnu.linkonce.wi.*)
 .debug_info    0x00000000       0xfd .\CortexM0\ARM_GCC_541\Debug\main.o
 .debug_info    0x000000fd      0x1e7 .\CortexM0\ARM_GCC_541\Debug\serial.o
 .debug_info    0x000002e4      0x35e .\CortexM0\ARM_GCC_541\Debug\cyfitter_cfg.o
 .debug_info    0x00000642       0xf8 .\CortexM0\ARM_GCC_541\Debug\cymetadata.o
 .debug_info    0x0000073a      0x312 .\CortexM0\ARM_GCC_541\Debug\Cm0Start.o
 .debug_info    0x00000a4c      0x1ca .\CortexM0\ARM_GCC_541\Debug\UartComm_base.a(UART.o)
 .debug_info    0x00000c16      0x218 .\CortexM0\ARM_GCC_541\Debug\UartComm_base.a(UART_SPI_UART.o)
 .debug_info    0x00000e2e      0x2dc .\CortexM0\ARM_GCC_541\Debug\UartComm_base.a(UART_UART.o)
 .debug_info    0x0000110a      0xad0 .\CortexM0\ARM_GCC_541\Debug\UartComm_base.a(CyLib.o)
 .debug_info    0x00001bda      0xaa1 .\CortexM0\ARM_GCC_541\Debug\UartComm_base.a(CyLFClk.o)
 .debug_info    0x0000267b       0xd7 .\CortexM0\ARM_GCC_541\Debug\UartComm_base.a(LED_ControlReg.o)
 .debug_info    0x00002752      0x491 .\CortexM0\ARM_GCC_541\Debug\UartComm_base.a(ADC.o)
 .debug_info    0x00002be3       0xcc .\CortexM0\ARM_GCC_541\Debug\UartComm_base.a(ADC_INT.o)
 .debug_info    0x00002caf       0xd7 .\CortexM0\ARM_GCC_541\Debug\UartComm_base.a(TestControlReg.o)
 .debug_info    0x00002d86       0x93 .\CortexM0\ARM_GCC_541\Debug\UartComm_base.a(CyBootAsmGnu.o)
 .debug_info    0x00002e19      0x263 .\CortexM0\ARM_GCC_541\Debug\UartComm_base.a(CyFlash.o)

.debug_abbrev   0x00000000     0x1024
 *(.debug_abbrev)
 .debug_abbrev  0x00000000       0x67 .\CortexM0\ARM_GCC_541\Debug\main.o
 .debug_abbrev  0x00000067       0xf6 .\CortexM0\ARM_GCC_541\Debug\serial.o
 .debug_abbrev  0x0000015d      0x18a .\CortexM0\ARM_GCC_541\Debug\cyfitter_cfg.o
 .debug_abbrev  0x000002e7       0x5d .\CortexM0\ARM_GCC_541\Debug\cymetadata.o
 .debug_abbrev  0x00000344      0x1c8 .\CortexM0\ARM_GCC_541\Debug\Cm0Start.o
 .debug_abbrev  0x0000050c       0xcb .\CortexM0\ARM_GCC_541\Debug\UartComm_base.a(UART.o)
 .debug_abbrev  0x000005d7      0x140 .\CortexM0\ARM_GCC_541\Debug\UartComm_base.a(UART_SPI_UART.o)
 .debug_abbrev  0x00000717       0xfd .\CortexM0\ARM_GCC_541\Debug\UartComm_base.a(UART_UART.o)
 .debug_abbrev  0x00000814      0x1e8 .\CortexM0\ARM_GCC_541\Debug\UartComm_base.a(CyLib.o)
 .debug_abbrev  0x000009fc      0x22a .\CortexM0\ARM_GCC_541\Debug\UartComm_base.a(CyLFClk.o)
 .debug_abbrev  0x00000c26       0x81 .\CortexM0\ARM_GCC_541\Debug\UartComm_base.a(LED_ControlReg.o)
 .debug_abbrev  0x00000ca7      0x163 .\CortexM0\ARM_GCC_541\Debug\UartComm_base.a(ADC.o)
 .debug_abbrev  0x00000e0a       0x65 .\CortexM0\ARM_GCC_541\Debug\UartComm_base.a(ADC_INT.o)
 .debug_abbrev  0x00000e6f       0x81 .\CortexM0\ARM_GCC_541\Debug\UartComm_base.a(TestControlReg.o)
 .debug_abbrev  0x00000ef0       0x14 .\CortexM0\ARM_GCC_541\Debug\UartComm_base.a(CyBootAsmGnu.o)
 .debug_abbrev  0x00000f04      0x120 .\CortexM0\ARM_GCC_541\Debug\UartComm_base.a(CyFlash.o)

.debug_line     0x00000000     0x1c10
 *(.debug_line)
 .debug_line    0x00000000       0x83 .\CortexM0\ARM_GCC_541\Debug\main.o
 .debug_line    0x00000083       0xbf .\CortexM0\ARM_GCC_541\Debug\serial.o
 .debug_line    0x00000142      0x1a3 .\CortexM0\ARM_GCC_541\Debug\cyfitter_cfg.o
 .debug_line    0x000002e5      0x141 .\CortexM0\ARM_GCC_541\Debug\cymetadata.o
 .debug_line    0x00000426      0x1d0 .\CortexM0\ARM_GCC_541\Debug\Cm0Start.o
 .debug_line    0x000005f6      0x105 .\CortexM0\ARM_GCC_541\Debug\UartComm_base.a(UART.o)
 .debug_line    0x000006fb      0x123 .\CortexM0\ARM_GCC_541\Debug\UartComm_base.a(UART_SPI_UART.o)
 .debug_line    0x0000081e      0x19f .\CortexM0\ARM_GCC_541\Debug\UartComm_base.a(UART_UART.o)
 .debug_line    0x000009bd      0x558 .\CortexM0\ARM_GCC_541\Debug\UartComm_base.a(CyLib.o)
 .debug_line    0x00000f15      0x708 .\CortexM0\ARM_GCC_541\Debug\UartComm_base.a(CyLFClk.o)
 .debug_line    0x0000161d       0x77 .\CortexM0\ARM_GCC_541\Debug\UartComm_base.a(LED_ControlReg.o)
 .debug_line    0x00001694      0x299 .\CortexM0\ARM_GCC_541\Debug\UartComm_base.a(ADC.o)
 .debug_line    0x0000192d       0x62 .\CortexM0\ARM_GCC_541\Debug\UartComm_base.a(ADC_INT.o)
 .debug_line    0x0000198f       0x77 .\CortexM0\ARM_GCC_541\Debug\UartComm_base.a(TestControlReg.o)
 .debug_line    0x00001a06       0x68 .\CortexM0\ARM_GCC_541\Debug\UartComm_base.a(CyBootAsmGnu.o)
 .debug_line    0x00001a6e      0x1a2 .\CortexM0\ARM_GCC_541\Debug\UartComm_base.a(CyFlash.o)

.debug_frame    0x00000000     0x1bd0
 *(.debug_frame)
 .debug_frame   0x00000000       0x48 .\CortexM0\ARM_GCC_541\Debug\main.o
 .debug_frame   0x00000048       0x90 .\CortexM0\ARM_GCC_541\Debug\serial.o
 .debug_frame   0x000000d8       0xe8 .\CortexM0\ARM_GCC_541\Debug\cyfitter_cfg.o
 .debug_frame   0x000001c0       0xc8 .\CortexM0\ARM_GCC_541\Debug\Cm0Start.o
 .debug_frame   0x00000288      0x114 .\CortexM0\ARM_GCC_541\Debug\UartComm_base.a(UART.o)
 .debug_frame   0x0000039c      0x128 .\CortexM0\ARM_GCC_541\Debug\UartComm_base.a(UART_SPI_UART.o)
 .debug_frame   0x000004c4      0x1bc .\CortexM0\ARM_GCC_541\Debug\UartComm_base.a(UART_UART.o)
 .debug_frame   0x00000680      0x6a0 .\CortexM0\ARM_GCC_541\Debug\UartComm_base.a(CyLib.o)
 .debug_frame   0x00000d20      0x5dc .\CortexM0\ARM_GCC_541\Debug\UartComm_base.a(CyLFClk.o)
 .debug_frame   0x000012fc       0x4c .\CortexM0\ARM_GCC_541\Debug\UartComm_base.a(LED_ControlReg.o)
 .debug_frame   0x00001348      0x248 .\CortexM0\ARM_GCC_541\Debug\UartComm_base.a(ADC.o)
 .debug_frame   0x00001590       0x30 .\CortexM0\ARM_GCC_541\Debug\UartComm_base.a(ADC_INT.o)
 .debug_frame   0x000015c0       0x4c .\CortexM0\ARM_GCC_541\Debug\UartComm_base.a(TestControlReg.o)
 .debug_frame   0x0000160c       0xbc .\CortexM0\ARM_GCC_541\Debug\UartComm_base.a(CyFlash.o)
 .debug_frame   0x000016c8       0x20 c:/program files (x86)/cypress/psoc creator/4.1/psoc creator/import/gnu/arm/5.4.1/bin/../lib/gcc/arm-none-eabi/5.4.1/armv6-m\libgcc.a(_udivsi3.o)
 .debug_frame   0x000016e8       0x20 c:/program files (x86)/cypress/psoc creator/4.1/psoc creator/import/gnu/arm/5.4.1/bin/../lib/gcc/arm-none-eabi/5.4.1/armv6-m\libgcc.a(_divsi3.o)
 .debug_frame   0x00001708       0x34 c:/program files (x86)/cypress/psoc creator/4.1/psoc creator/import/gnu/arm/5.4.1/bin/../lib/gcc/arm-none-eabi/5.4.1/armv6-m\libgcc.a(_muldi3.o)
 .debug_frame   0x0000173c       0x30 c:/program files (x86)/cypress/psoc creator/4.1/psoc creator/import/gnu/arm/5.4.1/bin/../lib/gcc/arm-none-eabi/5.4.1/armv6-m\libgcc.a(bpabi.o)
 .debug_frame   0x0000176c       0x3c c:/program files (x86)/cypress/psoc creator/4.1/psoc creator/import/gnu/arm/5.4.1/bin/../lib/gcc/arm-none-eabi/5.4.1/armv6-m\libgcc.a(divsf3.o)
 .debug_frame   0x000017a8       0x38 c:/program files (x86)/cypress/psoc creator/4.1/psoc creator/import/gnu/arm/5.4.1/bin/../lib/gcc/arm-none-eabi/5.4.1/armv6-m\libgcc.a(mulsf3.o)
 .debug_frame   0x000017e0       0x2c c:/program files (x86)/cypress/psoc creator/4.1/psoc creator/import/gnu/arm/5.4.1/bin/../lib/gcc/arm-none-eabi/5.4.1/armv6-m\libgcc.a(floatsisf.o)
 .debug_frame   0x0000180c       0x3c c:/program files (x86)/cypress/psoc creator/4.1/psoc creator/import/gnu/arm/5.4.1/bin/../lib/gcc/arm-none-eabi/5.4.1/armv6-m\libgcc.a(_divdi3.o)
 .debug_frame   0x00001848       0x20 c:/program files (x86)/cypress/psoc creator/4.1/psoc creator/import/gnu/arm/5.4.1/bin/../lib/gcc/arm-none-eabi/5.4.1/../../../../arm-none-eabi/lib/armv6-m\libg_nano.a(lib_a-errno.o)
 .debug_frame   0x00001868       0x28 c:/program files (x86)/cypress/psoc creator/4.1/psoc creator/import/gnu/arm/5.4.1/bin/../lib/gcc/arm-none-eabi/5.4.1/../../../../arm-none-eabi/lib/armv6-m\libg_nano.a(lib_a-exit.o)
 .debug_frame   0x00001890       0x2c c:/program files (x86)/cypress/psoc creator/4.1/psoc creator/import/gnu/arm/5.4.1/bin/../lib/gcc/arm-none-eabi/5.4.1/../../../../arm-none-eabi/lib/armv6-m\libg_nano.a(lib_a-init.o)
 .debug_frame   0x000018bc       0x28 c:/program files (x86)/cypress/psoc creator/4.1/psoc creator/import/gnu/arm/5.4.1/bin/../lib/gcc/arm-none-eabi/5.4.1/../../../../arm-none-eabi/lib/armv6-m\libg_nano.a(lib_a-memcpy-stub.o)
 .debug_frame   0x000018e4       0x20 c:/program files (x86)/cypress/psoc creator/4.1/psoc creator/import/gnu/arm/5.4.1/bin/../lib/gcc/arm-none-eabi/5.4.1/../../../../arm-none-eabi/lib/armv6-m\libg_nano.a(lib_a-memset.o)
 .debug_frame   0x00001904       0x50 c:/program files (x86)/cypress/psoc creator/4.1/psoc creator/import/gnu/arm/5.4.1/bin/../lib/gcc/arm-none-eabi/5.4.1/../../../../arm-none-eabi/lib/armv6-m\libg_nano.a(lib_a-sprintf.o)
 .debug_frame   0x00001954       0x20 c:/program files (x86)/cypress/psoc creator/4.1/psoc creator/import/gnu/arm/5.4.1/bin/../lib/gcc/arm-none-eabi/5.4.1/../../../../arm-none-eabi/lib/armv6-m\libg_nano.a(lib_a-strcmp.o)
 .debug_frame   0x00001974       0x74 c:/program files (x86)/cypress/psoc creator/4.1/psoc creator/import/gnu/arm/5.4.1/bin/../lib/gcc/arm-none-eabi/5.4.1/../../../../arm-none-eabi/lib/armv6-m\libg_nano.a(lib_a-nano-svfprintf.o)
 .debug_frame   0x000019e8       0x54 c:/program files (x86)/cypress/psoc creator/4.1/psoc creator/import/gnu/arm/5.4.1/bin/../lib/gcc/arm-none-eabi/5.4.1/../../../../arm-none-eabi/lib/armv6-m\libg_nano.a(lib_a-nano-vfprintf_i.o)
 .debug_frame   0x00001a3c       0x20 c:/program files (x86)/cypress/psoc creator/4.1/psoc creator/import/gnu/arm/5.4.1/bin/../lib/gcc/arm-none-eabi/5.4.1/../../../../arm-none-eabi/lib/armv6-m\libg_nano.a(lib_a-memchr-stub.o)
 .debug_frame   0x00001a5c       0x28 c:/program files (x86)/cypress/psoc creator/4.1/psoc creator/import/gnu/arm/5.4.1/bin/../lib/gcc/arm-none-eabi/5.4.1/../../../../arm-none-eabi/lib/armv6-m\libg_nano.a(lib_a-memmove.o)
 .debug_frame   0x00001a84       0x2c c:/program files (x86)/cypress/psoc creator/4.1/psoc creator/import/gnu/arm/5.4.1/bin/../lib/gcc/arm-none-eabi/5.4.1/../../../../arm-none-eabi/lib/armv6-m\libg_nano.a(lib_a-nano-freer.o)
 .debug_frame   0x00001ab0       0x2c c:/program files (x86)/cypress/psoc creator/4.1/psoc creator/import/gnu/arm/5.4.1/bin/../lib/gcc/arm-none-eabi/5.4.1/../../../../arm-none-eabi/lib/armv6-m\libg_nano.a(lib_a-nano-mallocr.o)
 .debug_frame   0x00001adc       0x30 c:/program files (x86)/cypress/psoc creator/4.1/psoc creator/import/gnu/arm/5.4.1/bin/../lib/gcc/arm-none-eabi/5.4.1/../../../../arm-none-eabi/lib/armv6-m\libg_nano.a(lib_a-nano-reallocr.o)
 .debug_frame   0x00001b0c       0x2c c:/program files (x86)/cypress/psoc creator/4.1/psoc creator/import/gnu/arm/5.4.1/bin/../lib/gcc/arm-none-eabi/5.4.1/../../../../arm-none-eabi/lib/armv6-m\libg_nano.a(lib_a-sbrkr.o)
 .debug_frame   0x00001b38       0x30 c:/program files (x86)/cypress/psoc creator/4.1/psoc creator/import/gnu/arm/5.4.1/bin/../lib/gcc/arm-none-eabi/5.4.1/../../../../arm-none-eabi/lib/armv6-m\libg_nano.a(lib_a-mlock.o)
 .debug_frame   0x00001b68       0x20 c:/program files (x86)/cypress/psoc creator/4.1/psoc creator/import/gnu/arm/5.4.1/bin/../lib/gcc/arm-none-eabi/5.4.1/../../../../arm-none-eabi/lib/armv6-m\libg_nano.a(lib_a-nano-msizer.o)
 .debug_frame   0x00001b88       0x48 c:/program files (x86)/cypress/psoc creator/4.1/psoc creator/import/gnu/arm/5.4.1/bin/../lib/gcc/arm-none-eabi/5.4.1/../../../../arm-none-eabi/lib/armv6-m\libg_nano.a(lib_a-reent.o)

.debug_str      0x00000000     0x183e
 *(.debug_str)
 .debug_str     0x00000000      0x172 .\CortexM0\ARM_GCC_541\Debug\main.o
                                0x1b2 (size before relaxing)
 .debug_str     0x00000172       0x4f .\CortexM0\ARM_GCC_541\Debug\serial.o
                                0x1e5 (size before relaxing)
 .debug_str     0x000001c1      0x107 .\CortexM0\ARM_GCC_541\Debug\cyfitter_cfg.o
                                0x2c3 (size before relaxing)
 .debug_str     0x000002c8       0x63 .\CortexM0\ARM_GCC_541\Debug\cymetadata.o
                                0x1cb (size before relaxing)
 .debug_str     0x0000032b      0x119 .\CortexM0\ARM_GCC_541\Debug\Cm0Start.o
                                0x2d1 (size before relaxing)
 .debug_str     0x00000444       0xe5 .\CortexM0\ARM_GCC_541\Debug\UartComm_base.a(UART.o)
                                0x27d (size before relaxing)
 .debug_str     0x00000529      0x135 .\CortexM0\ARM_GCC_541\Debug\UartComm_base.a(UART_SPI_UART.o)
                                0x2d1 (size before relaxing)
 .debug_str     0x0000065e      0x182 .\CortexM0\ARM_GCC_541\Debug\UartComm_base.a(UART_UART.o)
                                0x346 (size before relaxing)
 .debug_str     0x000007e0      0x5fa .\CortexM0\ARM_GCC_541\Debug\UartComm_base.a(CyLib.o)
                                0x7b2 (size before relaxing)
 .debug_str     0x00000dda      0x703 .\CortexM0\ARM_GCC_541\Debug\UartComm_base.a(CyLFClk.o)
                                0x8e2 (size before relaxing)
 .debug_str     0x000014dd       0x59 .\CortexM0\ARM_GCC_541\Debug\UartComm_base.a(LED_ControlReg.o)
                                0x1cd (size before relaxing)
 .debug_str     0x00001536      0x1ca .\CortexM0\ARM_GCC_541\Debug\UartComm_base.a(ADC.o)
                                0x396 (size before relaxing)
 .debug_str     0x00001700       0x35 .\CortexM0\ARM_GCC_541\Debug\UartComm_base.a(ADC_INT.o)
                                0x1c0 (size before relaxing)
 .debug_str     0x00001735       0x51 .\CortexM0\ARM_GCC_541\Debug\UartComm_base.a(TestControlReg.o)
                                0x1cd (size before relaxing)
 .debug_str     0x00001786       0xb8 .\CortexM0\ARM_GCC_541\Debug\UartComm_base.a(CyFlash.o)
                                0x278 (size before relaxing)

.debug_loc
 *(.debug_loc)

.debug_macinfo
 *(.debug_macinfo)

.debug_ranges   0x00000000      0x610
 *(.debug_ranges)
 .debug_ranges  0x00000000       0x18 .\CortexM0\ARM_GCC_541\Debug\main.o
 .debug_ranges  0x00000018       0x28 .\CortexM0\ARM_GCC_541\Debug\serial.o
 .debug_ranges  0x00000040       0x40 .\CortexM0\ARM_GCC_541\Debug\cyfitter_cfg.o
 .debug_ranges  0x00000080       0x38 .\CortexM0\ARM_GCC_541\Debug\Cm0Start.o
 .debug_ranges  0x000000b8       0x50 .\CortexM0\ARM_GCC_541\Debug\UartComm_base.a(UART.o)
 .debug_ranges  0x00000108       0x50 .\CortexM0\ARM_GCC_541\Debug\UartComm_base.a(UART_SPI_UART.o)
 .debug_ranges  0x00000158       0x78 .\CortexM0\ARM_GCC_541\Debug\UartComm_base.a(UART_UART.o)
 .debug_ranges  0x000001d0      0x1b8 .\CortexM0\ARM_GCC_541\Debug\UartComm_base.a(CyLib.o)
 .debug_ranges  0x00000388      0x180 .\CortexM0\ARM_GCC_541\Debug\UartComm_base.a(CyLFClk.o)
 .debug_ranges  0x00000508       0x18 .\CortexM0\ARM_GCC_541\Debug\UartComm_base.a(LED_ControlReg.o)
 .debug_ranges  0x00000520       0x98 .\CortexM0\ARM_GCC_541\Debug\UartComm_base.a(ADC.o)
 .debug_ranges  0x000005b8       0x10 .\CortexM0\ARM_GCC_541\Debug\UartComm_base.a(ADC_INT.o)
 .debug_ranges  0x000005c8       0x18 .\CortexM0\ARM_GCC_541\Debug\UartComm_base.a(TestControlReg.o)
 .debug_ranges  0x000005e0       0x30 .\CortexM0\ARM_GCC_541\Debug\UartComm_base.a(CyFlash.o)

.comment        0x00000000       0x6e
 .comment       0x00000000       0x6e .\CortexM0\ARM_GCC_541\Debug\main.o
                                 0x6f (size before relaxing)
 .comment       0x0000006e       0x6f .\CortexM0\ARM_GCC_541\Debug\serial.o
 .comment       0x0000006e       0x6f .\CortexM0\ARM_GCC_541\Debug\cyfitter_cfg.o
 .comment       0x0000006e       0x6f .\CortexM0\ARM_GCC_541\Debug\cymetadata.o
 .comment       0x0000006e       0x6f .\CortexM0\ARM_GCC_541\Debug\Cm0Start.o
 .comment       0x0000006e       0x6f .\CortexM0\ARM_GCC_541\Debug\UartComm_base.a(UART.o)
 .comment       0x0000006e       0x6f .\CortexM0\ARM_GCC_541\Debug\UartComm_base.a(UART_SPI_UART.o)
 .comment       0x0000006e       0x6f .\CortexM0\ARM_GCC_541\Debug\UartComm_base.a(UART_UART.o)
 .comment       0x0000006e       0x6f .\CortexM0\ARM_GCC_541\Debug\UartComm_base.a(CyLib.o)
 .comment       0x0000006e       0x6f .\CortexM0\ARM_GCC_541\Debug\UartComm_base.a(CyLFClk.o)
 .comment       0x0000006e       0x6f .\CortexM0\ARM_GCC_541\Debug\UartComm_base.a(LED_ControlReg.o)
 .comment       0x0000006e       0x6f .\CortexM0\ARM_GCC_541\Debug\UartComm_base.a(ADC.o)
 .comment       0x0000006e       0x6f .\CortexM0\ARM_GCC_541\Debug\UartComm_base.a(ADC_INT.o)
 .comment       0x0000006e       0x6f .\CortexM0\ARM_GCC_541\Debug\UartComm_base.a(TestControlReg.o)
 .comment       0x0000006e       0x6f .\CortexM0\ARM_GCC_541\Debug\UartComm_base.a(CyFlash.o)

.debug_weaknames
 *(.debug_weaknames)

.debug_funcnames
 *(.debug_funcnames)

.debug_typenames
 *(.debug_typenames)

.debug_varnames
 *(.debug_varnames)

.note.gnu.arm.ident
 *(.note.gnu.arm.ident)

.ARM.attributes
                0x00000000       0x28
 *(.ARM.attributes)
 .ARM.attributes
                0x00000000       0x1e c:/program files (x86)/cypress/psoc creator/4.1/psoc creator/import/gnu/arm/5.4.1/bin/../lib/gcc/arm-none-eabi/5.4.1/armv6-m/crti.o
 .ARM.attributes
                0x0000001e       0x2c c:/program files (x86)/cypress/psoc creator/4.1/psoc creator/import/gnu/arm/5.4.1/bin/../lib/gcc/arm-none-eabi/5.4.1/armv6-m/crtbegin.o
 .ARM.attributes
                0x0000004a       0x1b c:/program files (x86)/cypress/psoc creator/4.1/psoc creator/import/gnu/arm/5.4.1/bin/../lib/gcc/arm-none-eabi/5.4.1/../../../../arm-none-eabi/lib/armv6-m/crt0.o
 .ARM.attributes
                0x00000065       0x31 .\CortexM0\ARM_GCC_541\Debug\main.o
 .ARM.attributes
                0x00000096       0x31 .\CortexM0\ARM_GCC_541\Debug\serial.o
 .ARM.attributes
                0x000000c7       0x31 .\CortexM0\ARM_GCC_541\Debug\cyfitter_cfg.o
 .ARM.attributes
                0x000000f8       0x31 .\CortexM0\ARM_GCC_541\Debug\cymetadata.o
 .ARM.attributes
                0x00000129       0x31 .\CortexM0\ARM_GCC_541\Debug\Cm0Start.o
 .ARM.attributes
                0x0000015a       0x31 .\CortexM0\ARM_GCC_541\Debug\UartComm_base.a(UART.o)
 .ARM.attributes
                0x0000018b       0x31 .\CortexM0\ARM_GCC_541\Debug\UartComm_base.a(UART_SPI_UART.o)
 .ARM.attributes
                0x000001bc       0x31 .\CortexM0\ARM_GCC_541\Debug\UartComm_base.a(UART_UART.o)
 .ARM.attributes
                0x000001ed       0x31 .\CortexM0\ARM_GCC_541\Debug\UartComm_base.a(CyLib.o)
 .ARM.attributes
                0x0000021e       0x31 .\CortexM0\ARM_GCC_541\Debug\UartComm_base.a(CyLFClk.o)
 .ARM.attributes
                0x0000024f       0x31 .\CortexM0\ARM_GCC_541\Debug\UartComm_base.a(LED_ControlReg.o)
 .ARM.attributes
                0x00000280       0x31 .\CortexM0\ARM_GCC_541\Debug\UartComm_base.a(ADC.o)
 .ARM.attributes
                0x000002b1       0x31 .\CortexM0\ARM_GCC_541\Debug\UartComm_base.a(ADC_INT.o)
 .ARM.attributes
                0x000002e2       0x31 .\CortexM0\ARM_GCC_541\Debug\UartComm_base.a(TestControlReg.o)
 .ARM.attributes
                0x00000313       0x21 .\CortexM0\ARM_GCC_541\Debug\UartComm_base.a(CyBootAsmGnu.o)
 .ARM.attributes
                0x00000334       0x31 .\CortexM0\ARM_GCC_541\Debug\UartComm_base.a(CyFlash.o)
 .ARM.attributes
                0x00000365       0x1e c:/program files (x86)/cypress/psoc creator/4.1/psoc creator/import/gnu/arm/5.4.1/bin/../lib/gcc/arm-none-eabi/5.4.1/armv6-m\libgcc.a(_udivsi3.o)
 .ARM.attributes
                0x00000383       0x1e c:/program files (x86)/cypress/psoc creator/4.1/psoc creator/import/gnu/arm/5.4.1/bin/../lib/gcc/arm-none-eabi/5.4.1/armv6-m\libgcc.a(_divsi3.o)
 .ARM.attributes
                0x000003a1       0x1e c:/program files (x86)/cypress/psoc creator/4.1/psoc creator/import/gnu/arm/5.4.1/bin/../lib/gcc/arm-none-eabi/5.4.1/armv6-m\libgcc.a(_dvmd_tls.o)
 .ARM.attributes
                0x000003bf       0x1e c:/program files (x86)/cypress/psoc creator/4.1/psoc creator/import/gnu/arm/5.4.1/bin/../lib/gcc/arm-none-eabi/5.4.1/armv6-m\libgcc.a(_aeabi_ldivmod.o)
 .ARM.attributes
                0x000003dd       0x2c c:/program files (x86)/cypress/psoc creator/4.1/psoc creator/import/gnu/arm/5.4.1/bin/../lib/gcc/arm-none-eabi/5.4.1/armv6-m\libgcc.a(_muldi3.o)
 .ARM.attributes
                0x00000409       0x2c c:/program files (x86)/cypress/psoc creator/4.1/psoc creator/import/gnu/arm/5.4.1/bin/../lib/gcc/arm-none-eabi/5.4.1/armv6-m\libgcc.a(bpabi.o)
 .ARM.attributes
                0x00000435       0x2c c:/program files (x86)/cypress/psoc creator/4.1/psoc creator/import/gnu/arm/5.4.1/bin/../lib/gcc/arm-none-eabi/5.4.1/armv6-m\libgcc.a(divsf3.o)
 .ARM.attributes
                0x00000461       0x2c c:/program files (x86)/cypress/psoc creator/4.1/psoc creator/import/gnu/arm/5.4.1/bin/../lib/gcc/arm-none-eabi/5.4.1/armv6-m\libgcc.a(mulsf3.o)
 .ARM.attributes
                0x0000048d       0x2c c:/program files (x86)/cypress/psoc creator/4.1/psoc creator/import/gnu/arm/5.4.1/bin/../lib/gcc/arm-none-eabi/5.4.1/armv6-m\libgcc.a(floatsisf.o)
 .ARM.attributes
                0x000004b9       0x1e c:/program files (x86)/cypress/psoc creator/4.1/psoc creator/import/gnu/arm/5.4.1/bin/../lib/gcc/arm-none-eabi/5.4.1/armv6-m\libgcc.a(_clzsi2.o)
 .ARM.attributes
                0x000004d7       0x2c c:/program files (x86)/cypress/psoc creator/4.1/psoc creator/import/gnu/arm/5.4.1/bin/../lib/gcc/arm-none-eabi/5.4.1/armv6-m\libgcc.a(_divdi3.o)
 .ARM.attributes
                0x00000503       0x1e c:/program files (x86)/cypress/psoc creator/4.1/psoc creator/import/gnu/arm/5.4.1/bin/../lib/gcc/arm-none-eabi/5.4.1/armv6-m\libgcc.a(_clzdi2.o)
 .ARM.attributes
                0x00000521       0x2c c:/program files (x86)/cypress/psoc creator/4.1/psoc creator/import/gnu/arm/5.4.1/bin/../lib/gcc/arm-none-eabi/5.4.1/../../../../arm-none-eabi/lib/armv6-m\libg_nano.a(lib_a-errno.o)
 .ARM.attributes
                0x0000054d       0x2c c:/program files (x86)/cypress/psoc creator/4.1/psoc creator/import/gnu/arm/5.4.1/bin/../lib/gcc/arm-none-eabi/5.4.1/../../../../arm-none-eabi/lib/armv6-m\libg_nano.a(lib_a-exit.o)
 .ARM.attributes
                0x00000579       0x2c c:/program files (x86)/cypress/psoc creator/4.1/psoc creator/import/gnu/arm/5.4.1/bin/../lib/gcc/arm-none-eabi/5.4.1/../../../../arm-none-eabi/lib/armv6-m\libg_nano.a(lib_a-impure.o)
 .ARM.attributes
                0x000005a5       0x2c c:/program files (x86)/cypress/psoc creator/4.1/psoc creator/import/gnu/arm/5.4.1/bin/../lib/gcc/arm-none-eabi/5.4.1/../../../../arm-none-eabi/lib/armv6-m\libg_nano.a(lib_a-init.o)
 .ARM.attributes
                0x000005d1       0x2c c:/program files (x86)/cypress/psoc creator/4.1/psoc creator/import/gnu/arm/5.4.1/bin/../lib/gcc/arm-none-eabi/5.4.1/../../../../arm-none-eabi/lib/armv6-m\libg_nano.a(lib_a-memcpy-stub.o)
 .ARM.attributes
                0x000005fd       0x2c c:/program files (x86)/cypress/psoc creator/4.1/psoc creator/import/gnu/arm/5.4.1/bin/../lib/gcc/arm-none-eabi/5.4.1/../../../../arm-none-eabi/lib/armv6-m\libg_nano.a(lib_a-memset.o)
 .ARM.attributes
                0x00000629       0x2c c:/program files (x86)/cypress/psoc creator/4.1/psoc creator/import/gnu/arm/5.4.1/bin/../lib/gcc/arm-none-eabi/5.4.1/../../../../arm-none-eabi/lib/armv6-m\libg_nano.a(lib_a-sprintf.o)
 .ARM.attributes
                0x00000655       0x1c c:/program files (x86)/cypress/psoc creator/4.1/psoc creator/import/gnu/arm/5.4.1/bin/../lib/gcc/arm-none-eabi/5.4.1/../../../../arm-none-eabi/lib/armv6-m\libg_nano.a(lib_a-strcmp.o)
 .ARM.attributes
                0x00000671       0x2c c:/program files (x86)/cypress/psoc creator/4.1/psoc creator/import/gnu/arm/5.4.1/bin/../lib/gcc/arm-none-eabi/5.4.1/../../../../arm-none-eabi/lib/armv6-m\libg_nano.a(lib_a-nano-svfprintf.o)
 .ARM.attributes
                0x0000069d       0x2c c:/program files (x86)/cypress/psoc creator/4.1/psoc creator/import/gnu/arm/5.4.1/bin/../lib/gcc/arm-none-eabi/5.4.1/../../../../arm-none-eabi/lib/armv6-m\libg_nano.a(lib_a-nano-vfprintf_i.o)
 .ARM.attributes
                0x000006c9       0x2c c:/program files (x86)/cypress/psoc creator/4.1/psoc creator/import/gnu/arm/5.4.1/bin/../lib/gcc/arm-none-eabi/5.4.1/../../../../arm-none-eabi/lib/armv6-m\libg_nano.a(lib_a-memchr-stub.o)
 .ARM.attributes
                0x000006f5       0x2c c:/program files (x86)/cypress/psoc creator/4.1/psoc creator/import/gnu/arm/5.4.1/bin/../lib/gcc/arm-none-eabi/5.4.1/../../../../arm-none-eabi/lib/armv6-m\libg_nano.a(lib_a-memmove.o)
 .ARM.attributes
                0x00000721       0x2c c:/program files (x86)/cypress/psoc creator/4.1/psoc creator/import/gnu/arm/5.4.1/bin/../lib/gcc/arm-none-eabi/5.4.1/../../../../arm-none-eabi/lib/armv6-m\libg_nano.a(lib_a-nano-freer.o)
 .ARM.attributes
                0x0000074d       0x2c c:/program files (x86)/cypress/psoc creator/4.1/psoc creator/import/gnu/arm/5.4.1/bin/../lib/gcc/arm-none-eabi/5.4.1/../../../../arm-none-eabi/lib/armv6-m\libg_nano.a(lib_a-nano-mallocr.o)
 .ARM.attributes
                0x00000779       0x2c c:/program files (x86)/cypress/psoc creator/4.1/psoc creator/import/gnu/arm/5.4.1/bin/../lib/gcc/arm-none-eabi/5.4.1/../../../../arm-none-eabi/lib/armv6-m\libg_nano.a(lib_a-nano-reallocr.o)
 .ARM.attributes
                0x000007a5       0x2c c:/program files (x86)/cypress/psoc creator/4.1/psoc creator/import/gnu/arm/5.4.1/bin/../lib/gcc/arm-none-eabi/5.4.1/../../../../arm-none-eabi/lib/armv6-m\libg_nano.a(lib_a-sbrkr.o)
 .ARM.attributes
                0x000007d1       0x2c c:/program files (x86)/cypress/psoc creator/4.1/psoc creator/import/gnu/arm/5.4.1/bin/../lib/gcc/arm-none-eabi/5.4.1/../../../../arm-none-eabi/lib/armv6-m\libg_nano.a(lib_a-mlock.o)
 .ARM.attributes
                0x000007fd       0x2c c:/program files (x86)/cypress/psoc creator/4.1/psoc creator/import/gnu/arm/5.4.1/bin/../lib/gcc/arm-none-eabi/5.4.1/../../../../arm-none-eabi/lib/armv6-m\libg_nano.a(lib_a-nano-msizer.o)
 .ARM.attributes
                0x00000829       0x2c c:/program files (x86)/cypress/psoc creator/4.1/psoc creator/import/gnu/arm/5.4.1/bin/../lib/gcc/arm-none-eabi/5.4.1/../../../../arm-none-eabi/lib/armv6-m\libg_nano.a(lib_a-reent.o)
 .ARM.attributes
                0x00000855       0x2c c:/program files (x86)/cypress/psoc creator/4.1/psoc creator/import/gnu/arm/5.4.1/bin/../lib/gcc/arm-none-eabi/5.4.1/armv6-m/crtend.o
 .ARM.attributes
                0x00000881       0x1e c:/program files (x86)/cypress/psoc creator/4.1/psoc creator/import/gnu/arm/5.4.1/bin/../lib/gcc/arm-none-eabi/5.4.1/armv6-m/crtn.o

/DISCARD/
 *(.note.GNU-stack)
OUTPUT(C:\Users\bnels\src\PSoC4_UART_base\UartComm_base\UartComm_base.cydsn\CortexM0\ARM_GCC_541\Debug\UartComm_base.elf elf32-littlearm)
